Archive member included because of file (symbol)

c:/bin/emblocks/2.30/share/em_armgcc/bin/../lib/gcc/arm-none-eabi/4.7.3/../../../../arm-none-eabi/lib/armv7e-m/fpu\libstdc++.a(atexit_arm.o)
                              bin\gcc\src\main.o (__aeabi_atexit)
c:/bin/emblocks/2.30/share/em_armgcc/bin/../lib/gcc/arm-none-eabi/4.7.3/../../../../arm-none-eabi/lib/armv7e-m/fpu\libc_f.a(lib_a-abort.o)
                              bin\gcc\~#\~#\embsyslib\lib\src\lib.o (abort)
c:/bin/emblocks/2.30/share/em_armgcc/bin/../lib/gcc/arm-none-eabi/4.7.3/../../../../arm-none-eabi/lib/armv7e-m/fpu\libc_f.a(lib_a-cxa_atexit.o)
                              c:/bin/emblocks/2.30/share/em_armgcc/bin/../lib/gcc/arm-none-eabi/4.7.3/../../../../arm-none-eabi/lib/armv7e-m/fpu\libstdc++.a(atexit_arm.o) (__cxa_atexit)
c:/bin/emblocks/2.30/share/em_armgcc/bin/../lib/gcc/arm-none-eabi/4.7.3/../../../../arm-none-eabi/lib/armv7e-m/fpu\libc_f.a(lib_a-exit.o)
                              c:/bin/emblocks/2.30/share/em_armgcc/bin/../lib/gcc/arm-none-eabi/4.7.3/../../../../arm-none-eabi/lib/armv7e-m/fpu/crt0.o (exit)
c:/bin/emblocks/2.30/share/em_armgcc/bin/../lib/gcc/arm-none-eabi/4.7.3/../../../../arm-none-eabi/lib/armv7e-m/fpu\libc_f.a(lib_a-impure.o)
                              c:/bin/emblocks/2.30/share/em_armgcc/bin/../lib/gcc/arm-none-eabi/4.7.3/../../../../arm-none-eabi/lib/armv7e-m/fpu\libc_f.a(lib_a-exit.o) (_global_impure_ptr)
c:/bin/emblocks/2.30/share/em_armgcc/bin/../lib/gcc/arm-none-eabi/4.7.3/../../../../arm-none-eabi/lib/armv7e-m/fpu\libc_f.a(lib_a-init.o)
                              c:/bin/emblocks/2.30/share/em_armgcc/bin/../lib/gcc/arm-none-eabi/4.7.3/../../../../arm-none-eabi/lib/armv7e-m/fpu/crt0.o (__libc_init_array)
c:/bin/emblocks/2.30/share/em_armgcc/bin/../lib/gcc/arm-none-eabi/4.7.3/../../../../arm-none-eabi/lib/armv7e-m/fpu\libc_f.a(lib_a-malloc.o)
                              bin\gcc\~#\~#\embsyslib\lib\src\module\isc.o (malloc)
c:/bin/emblocks/2.30/share/em_armgcc/bin/../lib/gcc/arm-none-eabi/4.7.3/../../../../arm-none-eabi/lib/armv7e-m/fpu\libc_f.a(lib_a-mallocr.o)
                              c:/bin/emblocks/2.30/share/em_armgcc/bin/../lib/gcc/arm-none-eabi/4.7.3/../../../../arm-none-eabi/lib/armv7e-m/fpu\libc_f.a(lib_a-malloc.o) (_malloc_r)
c:/bin/emblocks/2.30/share/em_armgcc/bin/../lib/gcc/arm-none-eabi/4.7.3/../../../../arm-none-eabi/lib/armv7e-m/fpu\libc_f.a(lib_a-memcpy.o)
                              bin\gcc\~#\~#\embsyslib\lib\src\module\isc.o (memcpy)
c:/bin/emblocks/2.30/share/em_armgcc/bin/../lib/gcc/arm-none-eabi/4.7.3/../../../../arm-none-eabi/lib/armv7e-m/fpu\libc_f.a(lib_a-memset.o)
                              c:/bin/emblocks/2.30/share/em_armgcc/bin/../lib/gcc/arm-none-eabi/4.7.3/../../../../arm-none-eabi/lib/armv7e-m/fpu/crt0.o (memset)
c:/bin/emblocks/2.30/share/em_armgcc/bin/../lib/gcc/arm-none-eabi/4.7.3/../../../../arm-none-eabi/lib/armv7e-m/fpu\libc_f.a(lib_a-mlock.o)
                              c:/bin/emblocks/2.30/share/em_armgcc/bin/../lib/gcc/arm-none-eabi/4.7.3/../../../../arm-none-eabi/lib/armv7e-m/fpu\libc_f.a(lib_a-mallocr.o) (__malloc_lock)
c:/bin/emblocks/2.30/share/em_armgcc/bin/../lib/gcc/arm-none-eabi/4.7.3/../../../../arm-none-eabi/lib/armv7e-m/fpu\libc_f.a(lib_a-sbrkr.o)
                              c:/bin/emblocks/2.30/share/em_armgcc/bin/../lib/gcc/arm-none-eabi/4.7.3/../../../../arm-none-eabi/lib/armv7e-m/fpu\libc_f.a(lib_a-mallocr.o) (_sbrk_r)
c:/bin/emblocks/2.30/share/em_armgcc/bin/../lib/gcc/arm-none-eabi/4.7.3/../../../../arm-none-eabi/lib/armv7e-m/fpu\libc_f.a(lib_a-signal.o)
                              c:/bin/emblocks/2.30/share/em_armgcc/bin/../lib/gcc/arm-none-eabi/4.7.3/../../../../arm-none-eabi/lib/armv7e-m/fpu\libc_f.a(lib_a-abort.o) (raise)
c:/bin/emblocks/2.30/share/em_armgcc/bin/../lib/gcc/arm-none-eabi/4.7.3/../../../../arm-none-eabi/lib/armv7e-m/fpu\libc_f.a(lib_a-signalr.o)
                              c:/bin/emblocks/2.30/share/em_armgcc/bin/../lib/gcc/arm-none-eabi/4.7.3/../../../../arm-none-eabi/lib/armv7e-m/fpu\libc_f.a(lib_a-signal.o) (_kill_r)
c:/bin/emblocks/2.30/share/em_armgcc/bin/../lib/gcc/arm-none-eabi/4.7.3/../../../../arm-none-eabi/lib/armv7e-m/fpu\libc_f.a(lib_a-sprintf.o)
                              bin\gcc\src\main.o (sprintf)
c:/bin/emblocks/2.30/share/em_armgcc/bin/../lib/gcc/arm-none-eabi/4.7.3/../../../../arm-none-eabi/lib/armv7e-m/fpu\libc_f.a(lib_a-strchr.o)
                              bin\gcc\~#\~#\embsyslib\lib\src\lib.o (strchr)
c:/bin/emblocks/2.30/share/em_armgcc/bin/../lib/gcc/arm-none-eabi/4.7.3/../../../../arm-none-eabi/lib/armv7e-m/fpu\libc_f.a(lib_a-strcmp.o)
                              bin\gcc\src\main.o (strcmp)
c:/bin/emblocks/2.30/share/em_armgcc/bin/../lib/gcc/arm-none-eabi/4.7.3/../../../../arm-none-eabi/lib/armv7e-m/fpu\libc_f.a(lib_a-strlen.o)
                              bin\gcc\~#\~#\embsyslib\lib\src\lib.o (strlen)
[...]
Memory Configuration

Name             Origin             Length             Attributes
ROM              0x08000000         0x00100000         xr
RAM              0x20000000         0x00020000         xrw
CCRAM            0x10000000         0x00010000         xrw
*default*        0x00000000         0xffffffff

Linker script and memory map

LOAD c:/bin/emblocks/2.30/share/em_armgcc/bin/../lib/gcc/arm-none-eabi/4.7.3/armv7e-m/fpu/crti.o
LOAD c:/bin/emblocks/2.30/share/em_armgcc/bin/../lib/gcc/arm-none-eabi/4.7.3/armv7e-m/fpu/crtbegin.o
LOAD c:/bin/emblocks/2.30/share/em_armgcc/bin/../lib/gcc/arm-none-eabi/4.7.3/../../../../arm-none-eabi/lib/armv7e-m/fpu/crt0.o
                0x00008000                __HEAP_SIZE = 0x8000
                0x00008000                __STACK_SIZE = 0x8000

.text           0x08000000    0x18fd0
 *(.isr_vector)
 .isr_vector    0x08000000      0x188 bin\gcc\~#\~#\embsyslib\lib\src\mcu\stm32f4xx\sys\gcc\startup_stm32f4xx.o
                0x08000000                __isr_vector
 *(.text*)
 .text          0x08000188       0x54 c:/bin/emblocks/2.30/share/em_armgcc/bin/../lib/gcc/arm-none-eabi/4.7.3/armv7e-m/fpu/crtbegin.o
 .text          0x080001dc       0x74 c:/bin/emblocks/2.30/share/em_armgcc/bin/../lib/gcc/arm-none-eabi/4.7.3/../../../../arm-none-eabi/lib/armv7e-m/fpu/crt0.o
                0x080001dc                _start
                0x080001dc                _mainCRTStartup
 .text          0x08000250       0x2c bin\gcc\~#\~#\embsyslib\lib\src\mcu\stm32f4xx\sys\gcc\rtoscontext.o
                0x08000250                save_context
                0x08000266                load_context
 .text          0x0800027c      0x108 bin\gcc\~#\~#\embsyslib\lib\src\mcu\stm32f4xx\sys\gcc\startup_stm32f4xx.o
                0x0800027c                Reset_Handler
                0x080002c2                NMI_Handler
                0x080002c4                HardFault_Handler
                0x080002c6                MemManage_Handler
                0x080002c8                BusFault_Handler
                0x080002ca                UsageFault_Handler
                0x080002cc                SVC_Handler
                0x080002ce                DebugMon_Handler
                0x080002d4                Default_Handler
                0x080002d6                WWDG_IRQHandler
                0x080002d8                PVD_IRQHandler
                0x080002da                TAMP_STAMP_IRQHandler
                0x080002dc                RTC_WKUP_IRQHandler
                0x080002de                FLASH_IRQHandler
                0x080002e0                RCC_IRQHandler
                0x080002ec                DMA1_Stream0_IRQHandler
                0x080002ee                DMA1_Stream1_IRQHandler
                0x080002f0                DMA1_Stream2_IRQHandler
                0x080002f2                DMA1_Stream3_IRQHandler
                0x080002f4                DMA1_Stream4_IRQHandler
                0x080002f6                DMA1_Stream5_IRQHandler
                0x080002f8                DMA1_Stream6_IRQHandler
                0x080002fc                CAN1_TX_IRQHandler
                0x080002fe                CAN1_RX0_IRQHandler
                0x08000300                CAN1_RX1_IRQHandler
                0x08000302                CAN1_SCE_IRQHandler
                0x08000306                TIM1_BRK_TIM9_IRQHandler
                0x0800030a                TIM1_TRG_COM_TIM11_IRQHandler
                0x0800030c                TIM1_CC_IRQHandler
                0x08000314                I2C1_EV_IRQHandler
                0x08000316                I2C1_ER_IRQHandler
                0x08000318                I2C2_EV_IRQHandler
                0x0800031a                I2C2_ER_IRQHandler
                0x0800031c                SPI1_IRQHandler
                0x0800031e                SPI2_IRQHandler
                0x08000328                RTC_Alarm_IRQHandler
                0x0800032a                OTG_FS_WKUP_IRQHandler
                0x0800032c                TIM8_BRK_TIM12_IRQHandler
                0x0800032e                TIM8_UP_TIM13_IRQHandler
                0x08000330                TIM8_TRG_COM_TIM14_IRQHandler
                0x08000334                DMA1_Stream7_IRQHandler
                0x08000336                FSMC_IRQHandler
                0x08000338                SDIO_IRQHandler
                0x0800033c                SPI3_IRQHandler
                0x08000342                TIM6_DAC_IRQHandler
                0x08000346                DMA2_Stream0_IRQHandler
                0x08000348                DMA2_Stream1_IRQHandler
                0x0800034a                DMA2_Stream2_IRQHandler
                0x0800034c                DMA2_Stream3_IRQHandler
                0x0800034e                DMA2_Stream4_IRQHandler
                0x08000350                ETH_IRQHandler
                0x08000352                ETH_WKUP_IRQHandler
                0x08000354                CAN2_TX_IRQHandler
                0x08000356                CAN2_RX0_IRQHandler
                0x08000358                CAN2_RX1_IRQHandler
                0x0800035a                CAN2_SCE_IRQHandler
                0x0800035e                DMA2_Stream5_IRQHandler
                0x08000360                DMA2_Stream6_IRQHandler
                0x08000362                DMA2_Stream7_IRQHandler
                0x08000366                I2C3_EV_IRQHandler
                0x08000368                I2C3_ER_IRQHandler
                0x0800036a                OTG_HS_EP1_OUT_IRQHandler
                0x0800036c                OTG_HS_EP1_IN_IRQHandler
                0x0800036e                OTG_HS_WKUP_IRQHandler
                0x08000370                OTG_HS_IRQHandler
                0x08000372                DCMI_IRQHandler
                0x08000374                CRYP_IRQHandler
                0x08000376                HASH_RNG_IRQHandler
                0x08000378                FPU_IRQHandler
 .text._ZN5cList4Item6updateEv
                0x08000384       0x14 bin\gcc\~#\~#\embsyslib\lib\src\module\download.o
                0x08000384                cList::Item::update()
 .text._ZN4cCRC3getEv
                0x08000398       0x18 bin\gcc\~#\~#\embsyslib\lib\src\module\download.o
                0x08000398                cCRC::get()
 .text._ZN4cISC13DataInterface6updateEv
                0x080003b0       0x14 bin\gcc\~#\~#\embsyslib\lib\src\module\download.o
                0x080003b0                cISC::DataInterface::update()
 .text._ZN9cDownload5Reply4DataC2Ev
                0x080003c4       0x18 bin\gcc\~#\~#\embsyslib\lib\src\module\download.o
                0x080003c4                cDownload::Reply::Data::Data()
                0x080003c4                cDownload::Reply::Data::Data()
 .text._ZN9cDownload5Reply6updateEv
                0x080003dc       0x14 bin\gcc\~#\~#\embsyslib\lib\src\module\download.o
                0x080003dc                cDownload::Reply::update()
 .text._ZN9cDownload5Image4DataC2Ev
                0x080003f0       0x18 bin\gcc\~#\~#\embsyslib\lib\src\module\download.o
                0x080003f0                cDownload::Image::Data::Data()
                0x080003f0                cDownload::Image::Data::Data()
 .text._ZN9cDownload9Interface7onStartEv
                0x08000408       0x18 bin\gcc\~#\~#\embsyslib\lib\src\module\download.o
                0x08000408                cDownload::Interface::onStart()
 .text._ZN9cDownload9Interface7onReadyEv
                0x08000420       0x14 bin\gcc\~#\~#\embsyslib\lib\src\module\download.o
                0x08000420                cDownload::Interface::onReady()
 .text._ZN9cDownloadC2ER4cISC
                0x08000434       0x5c bin\gcc\~#\~#\embsyslib\lib\src\module\download.o
                0x08000434                cDownload::cDownload(cISC&)
                0x08000434                cDownload::cDownload(cISC&)
 .text._ZN9cDownload5ImageC2Ev
                0x08000490       0x3c bin\gcc\~#\~#\embsyslib\lib\src\module\download.o
                0x08000490                cDownload::Image::Image()
                0x08000490                cDownload::Image::Image()
 .text._ZN9cDownload5Image6updateEv
                0x080004cc       0xa8 bin\gcc\~#\~#\embsyslib\lib\src\module\download.o
                0x080004cc                cDownload::Image::update()
 .text._ZN9cDownload9InterfaceC2ERS_R9cHwMemory
                0x08000574       0x5c bin\gcc\~#\~#\embsyslib\lib\src\module\download.o
                0x08000574                cDownload::Interface::Interface(cDownload&, cHwMemory&)
                0x08000574                cDownload::Interface::Interface(cDownload&, cHwMemory&)
 .text._ZN9cDownload9Interface5isNewEv
                0x080005d0       0x30 bin\gcc\~#\~#\embsyslib\lib\src\module\download.o
                0x080005d0                cDownload::Interface::isNew()
 .text._ZN9cDownload9Interface9isRunningEv
                0x08000600       0x18 bin\gcc\~#\~#\embsyslib\lib\src\module\download.o
                0x08000600                cDownload::Interface::isRunning()
 .text._ZN9cDownload9Interface7getSizeEv
                0x08000618       0x18 bin\gcc\~#\~#\embsyslib\lib\src\module\download.o
                0x08000618                cDownload::Interface::getSize()
 .text._ZN9cDownload9Interface5storeERNS_5Image4DataERNS_5Reply4DataE
                0x08000630      0x2b4 bin\gcc\~#\~#\embsyslib\lib\src\module\download.o
                0x08000630                cDownload::Interface::store(cDownload::Image::Data&, cDownload::Reply::Data&)
 .text._ZN9cDownload9Interface4readERNS_5Image4DataERNS_5Reply4DataE
                0x080008e4      0x2b8 bin\gcc\~#\~#\embsyslib\lib\src\module\download.o
                0x080008e4                cDownload::Interface::read(cDownload::Image::Data&, cDownload::Reply::Data&)
 .text._ZN4cISC13DataInterfaceC2Ev
                0x08000b9c       0x2c bin\gcc\~#\~#\embsyslib\lib\src\module\download.o
                0x08000b9c                cISC::DataInterface::DataInterface()
                0x08000b9c                cISC::DataInterface::DataInterface()
 .text._ZN4cISC4DataIN9cDownload5ImageELh254EEC2ERS_
                0x08000bc8       0x7c bin\gcc\~#\~#\embsyslib\lib\src\module\download.o
                0x08000bc8                cISC::Data<cDownload::Image, (unsigned char)254>::Data(cISC&)
                0x08000bc8                cISC::Data<cDownload::Image, (unsigned char)254>::Data(cISC&)
 .text._ZN9cDownload5ReplyC2Ev
                0x08000c44       0x2c bin\gcc\~#\~#\embsyslib\lib\src\module\download.o
                0x08000c44                cDownload::Reply::Reply()
                0x08000c44                cDownload::Reply::Reply()
 .text._ZN4cISC4DataIN9cDownload5ReplyELh255EEC2ERS_
                0x08000c70       0x7c bin\gcc\~#\~#\embsyslib\lib\src\module\download.o
                0x08000c70                cISC::Data<cDownload::Reply, (unsigned char)255>::Data(cISC&)
                0x08000c70                cISC::Data<cDownload::Reply, (unsigned char)255>::Data(cISC&)
 .text._ZN4cISC4DataIN9cDownload5ReplyELh255EE5writeEv
                0x08000cec       0x30 bin\gcc\~#\~#\embsyslib\lib\src\module\download.o
                0x08000cec                cISC::Data<cDownload::Reply, (unsigned char)255>::write()
 .text._ZN4cISC4DataIN9cDownload5ReplyELh255EE6updateEv
                0x08000d1c       0x28 bin\gcc\~#\~#\embsyslib\lib\src\module\download.o
                0x08000d1c                cISC::Data<cDownload::Reply, (unsigned char)255>::update()
 .text._ZN4cISC4DataIN9cDownload5ImageELh254EE6updateEv
                0x08000d44       0x28 bin\gcc\~#\~#\embsyslib\lib\src\module\download.o
                0x08000d44                cISC::Data<cDownload::Image, (unsigned char)254>::update()
 .text._Znaj    0x08000d6c       0x1c bin\gcc\~#\~#\embsyslib\lib\src\module\isc.o
                0x08000d6c                operator new[](unsigned int)
 .text._ZN12cDataPointerC2Ev
                0x08000d88       0x28 bin\gcc\~#\~#\embsyslib\lib\src\module\isc.o
                0x08000d88                cDataPointer::cDataPointer()
                0x08000d88                cDataPointer::cDataPointer()
 .text._ZN12cDataPointeraSERKS_
                0x08000db0       0x48 bin\gcc\~#\~#\embsyslib\lib\src\module\isc.o
                0x08000db0                cDataPointer::operator=(cDataPointer const&)
 .text._ZN12cHwUSBinterf13GetDescriptorEt
                0x08000df8       0x20 bin\gcc\~#\~#\embsyslib\lib\src\module\isc.o
                0x08000df8                cHwUSBinterf::GetDescriptor(unsigned short)
 .text._ZN12cHwUSBinterf10clrFeatureEv
                0x08000e18       0x14 bin\gcc\~#\~#\embsyslib\lib\src\module\isc.o
                0x08000e18                cHwUSBinterf::clrFeature()
 .text._ZN12cHwUSBinterf10setFeatureEv
                0x08000e2c       0x14 bin\gcc\~#\~#\embsyslib\lib\src\module\isc.o
                0x08000e2c                cHwUSBinterf::setFeature()
 .text._ZN4cCRC5resetEv
                0x08000e40       0x1c bin\gcc\~#\~#\embsyslib\lib\src\module\isc.o
                0x08000e40                cCRC::reset()
 .text._ZN4cISCC2EN4cCRC4MODEE
                0x08000e5c       0x48 bin\gcc\~#\~#\embsyslib\lib\src\module\isc.o
                0x08000e5c                cISC::cISC(cCRC::MODE)
                0x08000e5c                cISC::cISC(cCRC::MODE)
 .text._ZN4cISC5writeEhPhh
                0x08000ea4       0xa4 bin\gcc\~#\~#\embsyslib\lib\src\module\isc.o
                0x08000ea4                cISC::write(unsigned char, unsigned char*, unsigned char)
 .text._ZN9cISC_UARTC2ER7cHwUARTN4cCRC4MODEE
                0x08000f48       0x60 bin\gcc\~#\~#\embsyslib\lib\src\module\isc.o
                0x08000f48                cISC_UART::cISC_UART(cHwUART&, cCRC::MODE)
                0x08000f48                cISC_UART::cISC_UART(cHwUART&, cCRC::MODE)
 .text._ZN9cISC_UART11writeStreamEhPhht
                0x08000fa8      0x240 bin\gcc\~#\~#\embsyslib\lib\src\module\isc.o
                0x08000fa8                cISC_UART::writeStream(unsigned char, unsigned char*, unsigned char, unsigned short)
 .text._ZN9cISC_UART6updateEv
                0x080011e8      0x348 bin\gcc\~#\~#\embsyslib\lib\src\module\isc.o
                0x080011e8                cISC_UART::update()
 .text._ZN14cISC_USBdeviceC2ER6cHwUSBhN4cCRC4MODEE
                0x08001530       0x68 bin\gcc\~#\~#\embsyslib\lib\src\module\isc.o
                0x08001530                cISC_USBdevice::cISC_USBdevice(cHwUSB&, unsigned char, cCRC::MODE)
                0x08001530                cISC_USBdevice::cISC_USBdevice(cHwUSB&, unsigned char, cCRC::MODE)
 .text._ZN14cISC_USBdevice6updateEv
                0x08001598       0x14 bin\gcc\~#\~#\embsyslib\lib\src\module\isc.o
                0x08001598                cISC_USBdevice::update()
 .text._ZN14cISC_USBdevice11writeStreamEhPhht
                0x080015ac       0x54 bin\gcc\~#\~#\embsyslib\lib\src\module\isc.o
                0x080015ac                cISC_USBdevice::writeStream(unsigned char, unsigned char*, unsigned char, unsigned short)
 .text._ZN14cISC_USBdevice10onTransmitER19cISC_USBdevice_DATA
                0x08001600       0x68 bin\gcc\~#\~#\embsyslib\lib\src\module\isc.o
                0x08001600                cISC_USBdevice::onTransmit(cISC_USBdevice_DATA&)
 .text._ZThn20_N14cISC_USBdevice10onTransmitER19cISC_USBdevice_DATA
                0x08001668        0x8 bin\gcc\~#\~#\embsyslib\lib\src\module\isc.o
                0x08001668                non-virtual thunk to cISC_USBdevice::onTransmit(cISC_USBdevice_DATA&)
 .text._ZN14cISC_USBdevice9onReceiveER19cISC_USBdevice_DATA
                0x08001670       0xb4 bin\gcc\~#\~#\embsyslib\lib\src\module\isc.o
                0x08001670                cISC_USBdevice::onReceive(cISC_USBdevice_DATA&)
 .text._ZThn20_N14cISC_USBdevice9onReceiveER19cISC_USBdevice_DATA
                0x08001724        0x8 bin\gcc\~#\~#\embsyslib\lib\src\module\isc.o
                0x08001724                non-virtual thunk to cISC_USBdevice::onReceive(cISC_USBdevice_DATA&)
 .text._ZN18cUSBinterfClassVSCI19cISC_USBdevice_DATAS0_EC2ER6cHwUSBhh
                0x0800172c       0x34 bin\gcc\~#\~#\embsyslib\lib\src\module\isc.o
                0x0800172c                cUSBinterfClassVSC<cISC_USBdevice_DATA, cISC_USBdevice_DATA>::cUSBinterfClassVSC(cHwUSB&, unsigned char, unsigned char)
                0x0800172c                cUSBinterfClassVSC<cISC_USBdevice_DATA, cISC_USBdevice_DATA>::cUSBinterfClassVSC(cHwUSB&, unsigned char, unsigned char)
 .text._ZN5cFifoI19cISC_USBdevice_DATAEC2Eh
                0x08001760       0x54 bin\gcc\~#\~#\embsyslib\lib\src\module\isc.o
                0x08001760                cFifo<cISC_USBdevice_DATA>::cFifo(unsigned char)
                0x08001760                cFifo<cISC_USBdevice_DATA>::cFifo(unsigned char)
 .text._ZN5cFifoI19cISC_USBdevice_DATAElsERKS0_
                0x080017b4       0xa4 bin\gcc\~#\~#\embsyslib\lib\src\module\isc.o
                0x080017b4                cFifo<cISC_USBdevice_DATA>::operator<<(cISC_USBdevice_DATA const&)
 .text._ZN5cFifoI19cISC_USBdevice_DATAErsERS0_
                0x08001858       0xa0 bin\gcc\~#\~#\embsyslib\lib\src\module\isc.o
                0x08001858                cFifo<cISC_USBdevice_DATA>::operator>>(cISC_USBdevice_DATA&)
 .text._ZN18cUSBinterfClassVSCI19cISC_USBdevice_DATAS0_E8transmitEhR12cDataPointer
                0x080018f8       0x40 bin\gcc\~#\~#\embsyslib\lib\src\module\isc.o
                0x080018f8                cUSBinterfClassVSC<cISC_USBdevice_DATA, cISC_USBdevice_DATA>::transmit(unsigned char, cDataPointer&)
 .text._ZN18cUSBinterfClassVSCI19cISC_USBdevice_DATAS0_E7requestEhR12cDataPointer
                0x08001938       0x2c bin\gcc\~#\~#\embsyslib\lib\src\module\isc.o
                0x08001938                cUSBinterfClassVSC<cISC_USBdevice_DATA, cISC_USBdevice_DATA>::request(unsigned char, cDataPointer&)
 .text._ZN18cUSBinterfClassVSCI19cISC_USBdevice_DATAS0_E13requestCtrlINER12cDataPointerhtt
                0x08001964       0x34 bin\gcc\~#\~#\embsyslib\lib\src\module\isc.o
                0x08001964                cUSBinterfClassVSC<cISC_USBdevice_DATA, cISC_USBdevice_DATA>::requestCtrlIN(cDataPointer&, unsigned char, unsigned short, unsigned short)
 .text._ZN18cUSBinterfClassVSCI19cISC_USBdevice_DATAS0_E14requestCtrlOUTER12cDataPointerhtt
                0x08001998       0x20 bin\gcc\~#\~#\embsyslib\lib\src\module\isc.o
                0x08001998                cUSBinterfClassVSC<cISC_USBdevice_DATA, cISC_USBdevice_DATA>::requestCtrlOUT(cDataPointer&, unsigned char, unsigned short, unsigned short)
 .text._ZN18cUSBinterfClassVSCI19cISC_USBdevice_DATAS0_E7receiveEht
                0x080019b8       0x3c bin\gcc\~#\~#\embsyslib\lib\src\module\isc.o
                0x080019b8                cUSBinterfClassVSC<cISC_USBdevice_DATA, cISC_USBdevice_DATA>::receive(unsigned char, unsigned short)
 .text._ZN12cDataPointer3setI19cISC_USBdevice_DATAEEvRKT_
                0x080019f4       0x24 bin\gcc\~#\~#\embsyslib\lib\src\module\isc.o
                0x080019f4                void cDataPointer::set<cISC_USBdevice_DATA>(cISC_USBdevice_DATA const&)
 .text._ZdlPv   0x08001a18       0x1c bin\gcc\~#\~#\embsyslib\lib\src\module\rtos.o
                0x08001a18                operator delete(void*)
 .text._ZN11cHwRTOS_MCU5startEPcjPvPFmS1_E
                0x08001a34      0x130 bin\gcc\~#\~#\embsyslib\lib\src\module\rtos.o
                0x08001a34                cHwRTOS_MCU::start(char*, unsigned int, void*, unsigned long (*)(void*))
 .text._ZN11cHwRTOS_MCU4stopEm
                0x08001b64       0x2c bin\gcc\~#\~#\embsyslib\lib\src\module\rtos.o
                0x08001b64                cHwRTOS_MCU::stop(unsigned long)
 .text._ZN11cHwRTOS_MCU5pauseEv
                0x08001b90       0x24 bin\gcc\~#\~#\embsyslib\lib\src\module\rtos.o
                0x08001b90                cHwRTOS_MCU::pause()
 .text._ZN11cHwRTOS_MCU10getSysTimeEv
                0x08001bb4       0x50 bin\gcc\~#\~#\embsyslib\lib\src\module\rtos.o
                0x08001bb4                cHwRTOS_MCU::getSysTime()
 .text._ZN11cHwRTOS_MCU10deleteFuncEv
                0x08001c04        0x8 bin\gcc\~#\~#\embsyslib\lib\src\module\rtos.o
                0x08001c04                cHwRTOS_MCU::deleteFunc()
 .text._ZN5cRTOS4Task8isActiveEv
                0x08001c0c       0x24 bin\gcc\~#\~#\embsyslib\lib\src\module\rtos.o
                0x08001c0c                cRTOS::Task::isActive()
 .text._ZN5cRTOS4Task7OnStartEv
                0x08001c30       0x14 bin\gcc\~#\~#\embsyslib\lib\src\module\rtos.o
                0x08001c30                cRTOS::Task::OnStart()
 .text._ZN5cRTOS4Task6OnStopEv
                0x08001c44       0x14 bin\gcc\~#\~#\embsyslib\lib\src\module\rtos.o
                0x08001c44                cRTOS::Task::OnStop()
 .text._ZN5cRTOS4TaskC2ERS_j
                0x08001c58       0x48 bin\gcc\~#\~#\embsyslib\lib\src\module\rtos.o
                0x08001c58                cRTOS::Task::Task(cRTOS&, unsigned int)
                0x08001c58                cRTOS::Task::Task(cRTOS&, unsigned int)
 .text._ZN5cRTOS4TaskD2Ev
                0x08001ca0       0x48 bin\gcc\~#\~#\embsyslib\lib\src\module\rtos.o
                0x08001ca0                cRTOS::Task::~Task()
                0x08001ca0                cRTOS::Task::~Task()
 .text._ZN5cRTOS4TaskD0Ev
                0x08001ce8       0x20 bin\gcc\~#\~#\embsyslib\lib\src\module\rtos.o
                0x08001ce8                cRTOS::Task::~Task()
 .text._ZN5cRTOS4Task7starterEPv
                0x08001d08       0x34 bin\gcc\~#\~#\embsyslib\lib\src\module\rtos.o
                0x08001d08                cRTOS::Task::starter(void*)
 .text._ZN5cRTOS4Task6FinishEv
                0x08001d3c       0x3c bin\gcc\~#\~#\embsyslib\lib\src\module\rtos.o
                0x08001d3c                cRTOS::Task::Finish()
 .text._ZN5cRTOS4Task4StopEv
                0x08001d78       0x3c bin\gcc\~#\~#\embsyslib\lib\src\module\rtos.o
                0x08001d78                cRTOS::Task::Stop()
 .text._ZN5cRTOS4Task5PauseEt
                0x08001db4       0x44 bin\gcc\~#\~#\embsyslib\lib\src\module\rtos.o
                0x08001db4                cRTOS::Task::Pause(unsigned short)
 .text._ZN5cRTOS4Task5StartEv
                0x08001df8       0x3c bin\gcc\~#\~#\embsyslib\lib\src\module\rtos.o
                0x08001df8                cRTOS::Task::Start()
 .text._ZN5cRTOS5TimerC2Et
                0x08001e34       0x3c bin\gcc\~#\~#\embsyslib\lib\src\module\rtos.o
                0x08001e34                cRTOS::Timer::Timer(unsigned short)
                0x08001e34                cRTOS::Timer::Timer(unsigned short)
 .text._ZN5cRTOS5Timer7getTicsEv
                0x08001e70       0x18 bin\gcc\~#\~#\embsyslib\lib\src\module\rtos.o
                0x08001e70                cRTOS::Timer::getTics()
 .text._ZN5cRTOS5Timer12getTimeOfTicEv
                0x08001e88       0x18 bin\gcc\~#\~#\embsyslib\lib\src\module\rtos.o
                0x08001e88                cRTOS::Timer::getTimeOfTic()
 .text._ZN5cRTOSC2Ev
                0x08001ea0       0x2c bin\gcc\~#\~#\embsyslib\lib\src\module\rtos.o
                0x08001ea0                cRTOS::cRTOS()
                0x08001ea0                cRTOS::cRTOS()
 .text._ZN5cRTOS5StartERNS_4TaskE
                0x08001ecc       0x54 bin\gcc\~#\~#\embsyslib\lib\src\module\rtos.o
                0x08001ecc                cRTOS::Start(cRTOS::Task&)
 .text._ZN5cRTOS5PauseERNS_4TaskE
                0x08001f20       0x18 bin\gcc\~#\~#\embsyslib\lib\src\module\rtos.o
                0x08001f20                cRTOS::Pause(cRTOS::Task&)
 .text._ZN5cRTOS4StopERNS_4TaskE
                0x08001f38       0x44 bin\gcc\~#\~#\embsyslib\lib\src\module\rtos.o
                0x08001f38                cRTOS::Stop(cRTOS::Task&)
 .text.NVIC_EnableIRQ
                0x08001f7c       0x38 bin\gcc\~#\~#\embsyslib\lib\src\lib.o
 .text._Znwj    0x08001fb4       0x1c bin\gcc\~#\~#\embsyslib\lib\src\lib.o
                0x08001fb4                operator new(unsigned int)
 .text._ZN8cHwTimerC2Ev
                0x08001fd0       0x2c bin\gcc\~#\~#\embsyslib\lib\src\lib.o
                0x08001fd0                cHwTimer::cHwTimer()
                0x08001fd0                cHwTimer::cHwTimer()
 .text._ZN7cHwPort3Pin7setModeENS_4ModeE
                0x08001ffc       0x2c bin\gcc\~#\~#\embsyslib\lib\src\lib.o
                0x08001ffc                cHwPort::Pin::setMode(cHwPort::Mode)
 .text._ZN7cHwPort3Pin3setEv
                0x08002028       0x2c bin\gcc\~#\~#\embsyslib\lib\src\lib.o
                0x08002028                cHwPort::Pin::set()
 .text._ZN7cHwPort3Pin3setEb
                0x08002054       0x50 bin\gcc\~#\~#\embsyslib\lib\src\lib.o
                0x08002054                cHwPort::Pin::set(bool)
 .text._ZN7cHwPort3Pin3clrEv
                0x080020a4       0x2c bin\gcc\~#\~#\embsyslib\lib\src\lib.o
                0x080020a4                cHwPort::Pin::clr()
 .text._ZN7cHwPort3Pin3getEv
                0x080020d0       0x38 bin\gcc\~#\~#\embsyslib\lib\src\lib.o
                0x080020d0                cHwPort::Pin::get()
 .text._ZN7cHwPortC2Ev
                0x08002108       0x20 bin\gcc\~#\~#\embsyslib\lib\src\lib.o
                0x08002108                cHwPort::cHwPort()
                0x08002108                cHwPort::cHwPort()
 .text._ZN10cHwEncoderC2ENS_4ModeE
                0x08002128       0x2c bin\gcc\~#\~#\embsyslib\lib\src\lib.o
                0x08002128                cHwEncoder::cHwEncoder(cHwEncoder::Mode)
                0x08002128                cHwEncoder::cHwEncoder(cHwEncoder::Mode)
 .text._ZN15cHwMemory_Flash4lockEv
                0x08002154       0x14 bin\gcc\~#\~#\embsyslib\lib\src\lib.o
                0x08002154                cHwMemory_Flash::lock()
 .text._ZN15cHwMemory_Flash6unlockEv
                0x08002168       0x14 bin\gcc\~#\~#\embsyslib\lib\src\lib.o
                0x08002168                cHwMemory_Flash::unlock()
 .text._ZN15cHwMemory_Flash7getAddrEv
                0x0800217c       0x18 bin\gcc\~#\~#\embsyslib\lib\src\lib.o
                0x0800217c                cHwMemory_Flash::getAddr()
 .text._ZN13cHwMemory_RAM4lockEv
                0x08002194       0x14 bin\gcc\~#\~#\embsyslib\lib\src\lib.o
                0x08002194                cHwMemory_RAM::lock()
 .text._ZN13cHwMemory_RAM6unlockEv
                0x080021a8       0x14 bin\gcc\~#\~#\embsyslib\lib\src\lib.o
                0x080021a8                cHwMemory_RAM::unlock()
 .text._ZN13cHwMemory_RAM7getAddrEv
                0x080021bc       0x18 bin\gcc\~#\~#\embsyslib\lib\src\lib.o
                0x080021bc                cHwMemory_RAM::getAddr()
 .text._ZN9cHwPort_N3setEm
                0x080021d4       0x20 bin\gcc\~#\~#\embsyslib\lib\src\lib.o
                0x080021d4                cHwPort_N::set(unsigned long)
 .text._ZN9cHwPort_N3setEmm
                0x080021f4       0x40 bin\gcc\~#\~#\embsyslib\lib\src\lib.o
                0x080021f4                cHwPort_N::set(unsigned long, unsigned long)
 .text._ZN9cHwPort_N3clrEm
                0x08002234       0x20 bin\gcc\~#\~#\embsyslib\lib\src\lib.o
                0x08002234                cHwPort_N::clr(unsigned long)
 .text._ZN9cHwPort_N3getEv
                0x08002254       0x1c bin\gcc\~#\~#\embsyslib\lib\src\lib.o
                0x08002254                cHwPort_N::get()
 .text._ZN12cDataPointerC2EPht
                0x08002270       0x28 bin\gcc\~#\~#\embsyslib\lib\src\lib.o
                0x08002270                cDataPointer::cDataPointer(unsigned char*, unsigned short)
                0x08002270                cDataPointer::cDataPointer(unsigned char*, unsigned short)
 .text._ZN12cDataPointer3setEPKht
                0x08002298       0x3c bin\gcc\~#\~#\embsyslib\lib\src\lib.o
                0x08002298                cDataPointer::set(unsigned char const*, unsigned short)
 .text._ZNK12cDataPointer6getPtrEv
                0x080022d4       0x18 bin\gcc\~#\~#\embsyslib\lib\src\lib.o
                0x080022d4                cDataPointer::getPtr() const
 .text._ZN12cDataPointer7isEmptyEv
                0x080022ec       0x24 bin\gcc\~#\~#\embsyslib\lib\src\lib.o
                0x080022ec                cDataPointer::isEmpty()
 .text._ZN12cDataPointer7getSizeEv
                0x08002310       0x18 bin\gcc\~#\~#\embsyslib\lib\src\lib.o
                0x08002310                cDataPointer::getSize()
 .text._ZN12cDataPointer5shiftEt
                0x08002328       0x4c bin\gcc\~#\~#\embsyslib\lib\src\lib.o
                0x08002328                cDataPointer::shift(unsigned short)
 .text._ZN10cHwUSBdesc5getIdEhhhh
                0x08002374       0x54 bin\gcc\~#\~#\embsyslib\lib\src\lib.o
                0x08002374                cHwUSBdesc::getId(unsigned char, unsigned char, unsigned char, unsigned char)
 .text._ZN10cHwUSBctrl5Setup12reqRecipientEv
                0x080023c8       0x20 bin\gcc\~#\~#\embsyslib\lib\src\lib.o
                0x080023c8                cHwUSBctrl::Setup::reqRecipient()
 .text._ZN10cHwUSBctrl5Setup7reqTypeEv
                0x080023e8       0x24 bin\gcc\~#\~#\embsyslib\lib\src\lib.o
                0x080023e8                cHwUSBctrl::Setup::reqType()
 .text._ZN10cHwUSBctrl5Setup6reqDirEv
                0x0800240c       0x20 bin\gcc\~#\~#\embsyslib\lib\src\lib.o
                0x0800240c                cHwUSBctrl::Setup::reqDir()
 .text._ZN10cHwUSBctrl5Setup7requestEv
                0x0800242c       0x18 bin\gcc\~#\~#\embsyslib\lib\src\lib.o
                0x0800242c                cHwUSBctrl::Setup::request()
 .text._ZN10cHwUSBctrl5Setup5valueEv
                0x08002444       0x1c bin\gcc\~#\~#\embsyslib\lib\src\lib.o
                0x08002444                cHwUSBctrl::Setup::value()
 .text._ZN10cHwUSBctrl5Setup8valueLowEv
                0x08002460       0x1c bin\gcc\~#\~#\embsyslib\lib\src\lib.o
                0x08002460                cHwUSBctrl::Setup::valueLow()
 .text._ZN10cHwUSBctrl5Setup9valueHighEv
                0x0800247c       0x20 bin\gcc\~#\~#\embsyslib\lib\src\lib.o
                0x0800247c                cHwUSBctrl::Setup::valueHigh()
 .text._ZN10cHwUSBctrl5Setup8indexLowEv
                0x0800249c       0x1c bin\gcc\~#\~#\embsyslib\lib\src\lib.o
                0x0800249c                cHwUSBctrl::Setup::indexLow()
 .text._ZN10cHwUSBctrl5Setup6lengthEv
                0x080024b8       0x1c bin\gcc\~#\~#\embsyslib\lib\src\lib.o
                0x080024b8                cHwUSBctrl::Setup::length()
 .text._ZN8cHwUSB_06BufferC2Ev
                0x080024d4       0x34 bin\gcc\~#\~#\embsyslib\lib\src\lib.o
                0x080024d4                cHwUSB_0::Buffer::Buffer()
                0x080024d4                cHwUSB_0::Buffer::Buffer()
 .text._ZN11cDevDigital3setEv
                0x08002508       0x24 bin\gcc\~#\~#\embsyslib\lib\src\lib.o
                0x08002508                cDevDigital::set()
 .text._ZN11cDevDigital3clrEv
                0x0800252c       0x24 bin\gcc\~#\~#\embsyslib\lib\src\lib.o
                0x0800252c                cDevDigital::clr()
 .text._ZN11cDevDigital6toggleEv
                0x08002550       0x2c bin\gcc\~#\~#\embsyslib\lib\src\lib.o
                0x08002550                cDevDigital::toggle()
 .text._ZN11cDevDigital8getEventEv
                0x0800257c       0x68 bin\gcc\~#\~#\embsyslib\lib\src\lib.o
                0x0800257c                cDevDigital::getEvent()
 .text._ZN11cDevDigitalaSEb
                0x080025e4       0x2c bin\gcc\~#\~#\embsyslib\lib\src\lib.o
                0x080025e4                cDevDigital::operator=(bool)
 .text._ZN11cDevDigitalaSERS_
                0x08002610       0x38 bin\gcc\~#\~#\embsyslib\lib\src\lib.o
                0x08002610                cDevDigital::operator=(cDevDigital&)
 .text._ZN11cDevDigitalcvbEv
                0x08002648       0x24 bin\gcc\~#\~#\embsyslib\lib\src\lib.o
                0x08002648                cDevDigital::operator bool()
 .text._ZN20cDevDigitalIndicator3setEv
                0x0800266c       0x24 bin\gcc\~#\~#\embsyslib\lib\src\lib.o
                0x0800266c                cDevDigitalIndicator::set()
 .text._ZN20cDevDigitalIndicator3clrEv
                0x08002690       0x24 bin\gcc\~#\~#\embsyslib\lib\src\lib.o
                0x08002690                cDevDigitalIndicator::clr()
 .text._ZN20cDevDigitalIndicator7triggerEt
                0x080026b4       0x48 bin\gcc\~#\~#\embsyslib\lib\src\lib.o
                0x080026b4                cDevDigitalIndicator::trigger(unsigned short)
 .text._ZN7cSystemC2Eh
                0x080026fc       0x28 bin\gcc\~#\~#\embsyslib\lib\src\lib.o
                0x080026fc                cSystem::cSystem(unsigned char)
                0x080026fc                cSystem::cSystem(unsigned char)
 .text._ZN7cSystem16disableInterruptEv
                0x08002724       0x28 bin\gcc\~#\~#\embsyslib\lib\src\lib.o
                0x08002724                cSystem::disableInterrupt()
 .text._ZN7cSystem15enableInterruptEv
                0x0800274c       0x44 bin\gcc\~#\~#\embsyslib\lib\src\lib.o
                0x0800274c                cSystem::enableInterrupt()
 .text._ZN7cSystem15disableWatchdogEv
                0x08002790        0xc bin\gcc\~#\~#\embsyslib\lib\src\lib.o
                0x08002790                cSystem::disableWatchdog()
 .text._ZN7cSystem13delayMicroSecEt
                0x0800279c       0x60 bin\gcc\~#\~#\embsyslib\lib\src\lib.o
                0x0800279c                cSystem::delayMicroSec(unsigned short)
 .text._ZN7cSystem13delayMilliSecEt
                0x080027fc       0x34 bin\gcc\~#\~#\embsyslib\lib\src\lib.o
                0x080027fc                cSystem::delayMilliSec(unsigned short)
 .text.SystemInit
                0x08002830      0x248 bin\gcc\~#\~#\embsyslib\lib\src\lib.o
                0x08002830                SystemInit
 .text._ZN12cHwPinConfig3setEP12GPIO_TypeDefhmh
                0x08002a78      0x134 bin\gcc\~#\~#\embsyslib\lib\src\lib.o
                0x08002a78                cHwPinConfig::set(GPIO_TypeDef*, unsigned char, unsigned long, unsigned char)
 .text._ZN12cHwPinConfig3setENS_8FunctionEm
                0x08002bac      0x100 bin\gcc\~#\~#\embsyslib\lib\src\lib.o
                0x08002bac                cHwPinConfig::set(cHwPinConfig::Function, unsigned long)
 .text.SysTick_Handler
                0x08002cac       0x68 bin\gcc\~#\~#\embsyslib\lib\src\lib.o
                0x08002cac                SysTick_Handler
 .text.PendSV_Handler
                0x08002d14       0x50 bin\gcc\~#\~#\embsyslib\lib\src\lib.o
                0x08002d14                PendSV_Handler
 .text._ZN8cHwADC_0C2EP8cHwTimer
                0x08002d64       0x90 bin\gcc\~#\~#\embsyslib\lib\src\lib.o
                0x08002d64                cHwADC_0::cHwADC_0(cHwTimer*)
                0x08002d64                cHwADC_0::cHwADC_0(cHwTimer*)
 .text._ZN8cHwADC_08configChEhh
                0x08002df4      0x30c bin\gcc\~#\~#\embsyslib\lib\src\lib.o
                0x08002df4                cHwADC_0::configCh(unsigned char, unsigned char)
 .text._ZN8cHwADC_09getResultEv
                0x08003100       0x20 bin\gcc\~#\~#\embsyslib\lib\src\lib.o
                0x08003100                cHwADC_0::getResult()
 .text._ZN8cHwADC_07startChEh
                0x08003120       0x40 bin\gcc\~#\~#\embsyslib\lib\src\lib.o
                0x08003120                cHwADC_0::startCh(unsigned char)
 .text.ADC_IRQHandler
                0x08003160       0x40 bin\gcc\~#\~#\embsyslib\lib\src\lib.o
                0x08003160                ADC_IRQHandler
 .text._ZN12cHwEncoder_NC2ENS_7TimerIdEN10cHwEncoder4ModeE
                0x080031a0      0x228 bin\gcc\~#\~#\embsyslib\lib\src\lib.o
                0x080031a0                cHwEncoder_N::cHwEncoder_N(cHwEncoder_N::TimerId, cHwEncoder::Mode)
                0x080031a0                cHwEncoder_N::cHwEncoder_N(cHwEncoder_N::TimerId, cHwEncoder::Mode)
 .text._ZN12cHwEncoder_N3getEv
                0x080033c8       0x34 bin\gcc\~#\~#\embsyslib\lib\src\lib.o
                0x080033c8                cHwEncoder_N::get()
 .text._ZN9cHwExtIntC2Ev
                0x080033fc       0x2c bin\gcc\~#\~#\embsyslib\lib\src\lib.o
                0x080033fc                cHwExtInt::cHwExtInt()
                0x080033fc                cHwExtInt::cHwExtInt()
 .text._ZN11cHwExtInt_NC2ENS_6PortIdEh
                0x08003428       0xf0 bin\gcc\~#\~#\embsyslib\lib\src\lib.o
                0x08003428                cHwExtInt_N::cHwExtInt_N(cHwExtInt_N::PortId, unsigned char)
                0x08003428                cHwExtInt_N::cHwExtInt_N(cHwExtInt_N::PortId, unsigned char)
 .text._ZN11cHwExtInt_N6enableEv
                0x08003518       0x9c bin\gcc\~#\~#\embsyslib\lib\src\lib.o
                0x08003518                cHwExtInt_N::enable()
 .text._ZN11cHwExtInt_N7disableEv
                0x080035b4       0x5c bin\gcc\~#\~#\embsyslib\lib\src\lib.o
                0x080035b4                cHwExtInt_N::disable()
 .text._ZN11cHwExtInt_N7setEdgeEN9cHwExtInt4EdgeE
                0x08003610      0x150 bin\gcc\~#\~#\embsyslib\lib\src\lib.o
                0x08003610                cHwExtInt_N::setEdge(cHwExtInt::Edge)
 .text._ZN11cHwExtInt_N5isr_NEv
                0x08003760       0x20 bin\gcc\~#\~#\embsyslib\lib\src\lib.o
                0x08003760                cHwExtInt_N::isr_N()
 .text.EXTI_X_IRQHandler
                0x08003780       0x48 bin\gcc\~#\~#\embsyslib\lib\src\lib.o
                0x08003780                EXTI_X_IRQHandler
 .text.EXTI0_IRQHandler
                0x080037c8       0x10 bin\gcc\~#\~#\embsyslib\lib\src\lib.o
                0x080037c8                EXTI0_IRQHandler
 .text.EXTI1_IRQHandler
                0x080037d8       0x10 bin\gcc\~#\~#\embsyslib\lib\src\lib.o
                0x080037d8                EXTI1_IRQHandler
 .text.EXTI2_IRQHandler
                0x080037e8       0x10 bin\gcc\~#\~#\embsyslib\lib\src\lib.o
                0x080037e8                EXTI2_IRQHandler
 .text.EXTI3_IRQHandler
                0x080037f8       0x10 bin\gcc\~#\~#\embsyslib\lib\src\lib.o
                0x080037f8                EXTI3_IRQHandler
 .text.EXTI4_IRQHandler
                0x08003808       0x10 bin\gcc\~#\~#\embsyslib\lib\src\lib.o
                0x08003808                EXTI4_IRQHandler
 .text.EXTI9_5_IRQHandler
                0x08003818       0x5c bin\gcc\~#\~#\embsyslib\lib\src\lib.o
                0x08003818                EXTI9_5_IRQHandler
 .text.EXTI15_10_IRQHandler
                0x08003874       0x5c bin\gcc\~#\~#\embsyslib\lib\src\lib.o
                0x08003874                EXTI15_10_IRQHandler
 .text._ZN15cHwMemory_FlashC2ENS_6SectorE
                0x080038d0       0x70 bin\gcc\~#\~#\embsyslib\lib\src\lib.o
                0x080038d0                cHwMemory_Flash::cHwMemory_Flash(cHwMemory_Flash::Sector)
                0x080038d0                cHwMemory_Flash::cHwMemory_Flash(cHwMemory_Flash::Sector)
 .text._ZN15cHwMemory_Flash5clearEm
                0x08003940      0x118 bin\gcc\~#\~#\embsyslib\lib\src\lib.o
                0x08003940                cHwMemory_Flash::clear(unsigned long)
 .text._ZN15cHwMemory_Flash9writeByteEmh
                0x08003a58      0x100 bin\gcc\~#\~#\embsyslib\lib\src\lib.o
                0x08003a58                cHwMemory_Flash::writeByte(unsigned long, unsigned char)
 .text._ZN15cHwMemory_Flash8readByteEm
                0x08003b58       0x20 bin\gcc\~#\~#\embsyslib\lib\src\lib.o
                0x08003b58                cHwMemory_Flash::readByte(unsigned long)
 .text._ZN13cHwMemory_RAMC2Ev
                0x08003b78       0xb8 bin\gcc\~#\~#\embsyslib\lib\src\lib.o
                0x08003b78                cHwMemory_RAM::cHwMemory_RAM()
                0x08003b78                cHwMemory_RAM::cHwMemory_RAM()
 .text._ZN13cHwMemory_RAM9writeByteEmh
                0x08003c30       0x24 bin\gcc\~#\~#\embsyslib\lib\src\lib.o
                0x08003c30                cHwMemory_RAM::writeByte(unsigned long, unsigned char)
 .text._ZN13cHwMemory_RAM8readByteEm
                0x08003c54       0x20 bin\gcc\~#\~#\embsyslib\lib\src\lib.o
                0x08003c54                cHwMemory_RAM::readByte(unsigned long)
 .text._ZN9cHwPort_NC2ENS_6PortIdE
                0x08003c74      0x1b4 bin\gcc\~#\~#\embsyslib\lib\src\lib.o
                0x08003c74                cHwPort_N::cHwPort_N(cHwPort_N::PortId)
                0x08003c74                cHwPort_N::cHwPort_N(cHwPort_N::PortId)
 .text._ZN9cHwPort_N7setModeEmN7cHwPort4ModeE
                0x08003e28       0x5c bin\gcc\~#\~#\embsyslib\lib\src\lib.o
                0x08003e28                cHwPort_N::setMode(unsigned long, cHwPort::Mode)
 .text._ZN9cHwPort_N10setPinModeEhN7cHwPort4ModeE
                0x08003e84       0xf8 bin\gcc\~#\~#\embsyslib\lib\src\lib.o
                0x08003e84                cHwPort_N::setPinMode(unsigned char, cHwPort::Mode)
 *fill*         0x08003f7c        0x4 
 .text._ZN10cHwTimer_NC2ENS_7TimerIdEm
                0x08003f80      0x428 bin\gcc\~#\~#\embsyslib\lib\src\lib.o
                0x08003f80                cHwTimer_N::cHwTimer_N(cHwTimer_N::TimerId, unsigned long)
                0x08003f80                cHwTimer_N::cHwTimer_N(cHwTimer_N::TimerId, unsigned long)
 .text._ZN10cHwTimer_N9enablePWMEhN8cHwTimer4ModeE
                0x080043a8      0x464 bin\gcc\~#\~#\embsyslib\lib\src\lib.o
                0x080043a8                cHwTimer_N::enablePWM(unsigned char, cHwTimer::Mode)
 .text._ZN10cHwTimer_N6setPWMEth
                0x0800480c       0x70 bin\gcc\~#\~#\embsyslib\lib\src\lib.o
                0x0800480c                cHwTimer_N::setPWM(unsigned short, unsigned char)
 .text._ZN10cHwTimer_N5isr_NEv
                0x0800487c       0x34 bin\gcc\~#\~#\embsyslib\lib\src\lib.o
                0x0800487c                cHwTimer_N::isr_N()
 .text.TIM1_UP_TIM10_IRQHandler
                0x080048b0       0x78 bin\gcc\~#\~#\embsyslib\lib\src\lib.o
                0x080048b0                TIM1_UP_TIM10_IRQHandler
 .text.TIM2_IRQHandler
                0x08004928       0x18 bin\gcc\~#\~#\embsyslib\lib\src\lib.o
                0x08004928                TIM2_IRQHandler
 .text.TIM3_IRQHandler
                0x08004940       0x18 bin\gcc\~#\~#\embsyslib\lib\src\lib.o
                0x08004940                TIM3_IRQHandler
 .text.TIM4_IRQHandler
                0x08004958       0x18 bin\gcc\~#\~#\embsyslib\lib\src\lib.o
                0x08004958                TIM4_IRQHandler
 .text.TIM5_IRQHandler
                0x08004970       0x18 bin\gcc\~#\~#\embsyslib\lib\src\lib.o
                0x08004970                TIM5_IRQHandler
 .text.TIM7_IRQHandler
                0x08004988       0x18 bin\gcc\~#\~#\embsyslib\lib\src\lib.o
                0x08004988                TIM7_IRQHandler
 .text.TIM8_CC_IRQHandler
                0x080049a0       0x18 bin\gcc\~#\~#\embsyslib\lib\src\lib.o
                0x080049a0                TIM8_CC_IRQHandler
 .text._ZN9cHwUART_NC2ENS_8USART_IdEmhh
                0x080049b8      0x4b0 bin\gcc\~#\~#\embsyslib\lib\src\lib.o
                0x080049b8                cHwUART_N::cHwUART_N(cHwUART_N::USART_Id, unsigned long, unsigned char, unsigned char)
                0x080049b8                cHwUART_N::cHwUART_N(cHwUART_N::USART_Id, unsigned long, unsigned char, unsigned char)
 .text._ZN9cHwUART_N7getByteEv
                0x08004e68       0x1c bin\gcc\~#\~#\embsyslib\lib\src\lib.o
                0x08004e68                cHwUART_N::getByte()
 .text._ZN9cHwUART_N7setByteEh
                0x08004e84       0x20 bin\gcc\~#\~#\embsyslib\lib\src\lib.o
                0x08004e84                cHwUART_N::setByte(unsigned char)
 .text._ZN9cHwUART_N3isrEv
                0x08004ea4       0x84 bin\gcc\~#\~#\embsyslib\lib\src\lib.o
                0x08004ea4                cHwUART_N::isr()
 .text.USART1_IRQHandler
                0x08004f28       0x18 bin\gcc\~#\~#\embsyslib\lib\src\lib.o
                0x08004f28                USART1_IRQHandler
 .text.USART2_IRQHandler
                0x08004f40       0x18 bin\gcc\~#\~#\embsyslib\lib\src\lib.o
                0x08004f40                USART2_IRQHandler
 .text.USART3_IRQHandler
                0x08004f58       0x18 bin\gcc\~#\~#\embsyslib\lib\src\lib.o
                0x08004f58                USART3_IRQHandler
 .text.UART4_IRQHandler
                0x08004f70       0x18 bin\gcc\~#\~#\embsyslib\lib\src\lib.o
                0x08004f70                UART4_IRQHandler
 .text.UART5_IRQHandler
                0x08004f88       0x18 bin\gcc\~#\~#\embsyslib\lib\src\lib.o
                0x08004f88                UART5_IRQHandler
 .text.USART6_IRQHandler
                0x08004fa0       0x18 bin\gcc\~#\~#\embsyslib\lib\src\lib.o
                0x08004fa0                USART6_IRQHandler
 .text._ZN8cHwUSB_010EndpointINC2Ev
                0x08004fb8       0x20 bin\gcc\~#\~#\embsyslib\lib\src\lib.o
                0x08004fb8                cHwUSB_0::EndpointIN::EndpointIN()
                0x08004fb8                cHwUSB_0::EndpointIN::EndpointIN()
 .text._ZN8cHwUSB_010EndpointIN4initEh
                0x08004fd8       0x4c bin\gcc\~#\~#\embsyslib\lib\src\lib.o
                0x08004fd8                cHwUSB_0::EndpointIN::init(unsigned char)
 .text._ZN8cHwUSB_010EndpointIN6configEth
                0x08005024       0xac bin\gcc\~#\~#\embsyslib\lib\src\lib.o
                0x08005024                cHwUSB_0::EndpointIN::config(unsigned short, unsigned char)
 .text._ZN8cHwUSB_010EndpointIN5flushEv
                0x080050d0       0x64 bin\gcc\~#\~#\embsyslib\lib\src\lib.o
                0x080050d0                cHwUSB_0::EndpointIN::flush()
 .text._ZN8cHwUSB_010EndpointIN5resetEv
                0x08005134       0x20 bin\gcc\~#\~#\embsyslib\lib\src\lib.o
                0x08005134                cHwUSB_0::EndpointIN::reset()
 .text._ZN8cHwUSB_010EndpointIN5startEv
                0x08005154       0x58 bin\gcc\~#\~#\embsyslib\lib\src\lib.o
                0x08005154                cHwUSB_0::EndpointIN::start()
 .text._ZN8cHwUSB_010EndpointIN8setStallEv
                0x080051ac       0x50 bin\gcc\~#\~#\embsyslib\lib\src\lib.o
                0x080051ac                cHwUSB_0::EndpointIN::setStall()
 .text._ZN8cHwUSB_010EndpointIN8clrStallEv
                0x080051fc       0x3c bin\gcc\~#\~#\embsyslib\lib\src\lib.o
                0x080051fc                cHwUSB_0::EndpointIN::clrStall()
 .text._ZN8cHwUSB_010EndpointIN5writeEPht
                0x08005238       0x70 bin\gcc\~#\~#\embsyslib\lib\src\lib.o
                0x08005238                cHwUSB_0::EndpointIN::write(unsigned char*, unsigned short)
 .text._ZN8cHwUSB_010EndpointIN11writeToFifoEv
                0x080052a8       0xdc bin\gcc\~#\~#\embsyslib\lib\src\lib.o
                0x080052a8                cHwUSB_0::EndpointIN::writeToFifo()
 .text._ZN8cHwUSB_010EndpointIN8transmitEb
                0x08005384       0xe0 bin\gcc\~#\~#\embsyslib\lib\src\lib.o
                0x08005384                cHwUSB_0::EndpointIN::transmit(bool)
 .text._ZN8cHwUSB_010EndpointIN11transmitZLPEv
                0x08005464       0x50 bin\gcc\~#\~#\embsyslib\lib\src\lib.o
                0x08005464                cHwUSB_0::EndpointIN::transmitZLP()
 .text._ZN8cHwUSB_010EndpointIN12getInterruptEv
                0x080054b4       0x48 bin\gcc\~#\~#\embsyslib\lib\src\lib.o
                0x080054b4                cHwUSB_0::EndpointIN::getInterrupt()
 .text._ZN8cHwUSB_010EndpointIN12clrInterruptEm
                0x080054fc       0x20 bin\gcc\~#\~#\embsyslib\lib\src\lib.o
                0x080054fc                cHwUSB_0::EndpointIN::clrInterrupt(unsigned long)
 .text._ZN8cHwUSB_011EndpointOUTC2Ev
                0x0800551c       0x20 bin\gcc\~#\~#\embsyslib\lib\src\lib.o
                0x0800551c                cHwUSB_0::EndpointOUT::EndpointOUT()
                0x0800551c                cHwUSB_0::EndpointOUT::EndpointOUT()
 .text._ZN8cHwUSB_011EndpointOUT4initEh
                0x0800553c       0x4c bin\gcc\~#\~#\embsyslib\lib\src\lib.o
                0x0800553c                cHwUSB_0::EndpointOUT::init(unsigned char)
 .text._ZN8cHwUSB_011EndpointOUT6configEth
                0x08005588       0xac bin\gcc\~#\~#\embsyslib\lib\src\lib.o
                0x08005588                cHwUSB_0::EndpointOUT::config(unsigned short, unsigned char)
 .text._ZN8cHwUSB_011EndpointOUT5flushEv
                0x08005634       0x5c bin\gcc\~#\~#\embsyslib\lib\src\lib.o
                0x08005634                cHwUSB_0::EndpointOUT::flush()
 .text._ZN8cHwUSB_011EndpointOUT5resetEv
                0x08005690       0x20 bin\gcc\~#\~#\embsyslib\lib\src\lib.o
                0x08005690                cHwUSB_0::EndpointOUT::reset()
 .text._ZN8cHwUSB_011EndpointOUT5startEv
                0x080056b0       0x70 bin\gcc\~#\~#\embsyslib\lib\src\lib.o
                0x080056b0                cHwUSB_0::EndpointOUT::start()
 .text._ZN8cHwUSB_011EndpointOUT8setStallEv
                0x08005720       0x68 bin\gcc\~#\~#\embsyslib\lib\src\lib.o
                0x08005720                cHwUSB_0::EndpointOUT::setStall()
 .text._ZN8cHwUSB_011EndpointOUT8clrStallEv
                0x08005788       0x3c bin\gcc\~#\~#\embsyslib\lib\src\lib.o
                0x08005788                cHwUSB_0::EndpointOUT::clrStall()
 .text._ZN8cHwUSB_011EndpointOUT4readEPht
                0x080057c4       0x74 bin\gcc\~#\~#\embsyslib\lib\src\lib.o
                0x080057c4                cHwUSB_0::EndpointOUT::read(unsigned char*, unsigned short)
 .text._ZN8cHwUSB_011EndpointOUT12readFromFifoEt
                0x08005838       0x80 bin\gcc\~#\~#\embsyslib\lib\src\lib.o
                0x08005838                cHwUSB_0::EndpointOUT::readFromFifo(unsigned short)
 .text._ZN8cHwUSB_011EndpointOUT7receiveEv
                0x080058b8       0xb4 bin\gcc\~#\~#\embsyslib\lib\src\lib.o
                0x080058b8                cHwUSB_0::EndpointOUT::receive()
 .text._ZN8cHwUSB_011EndpointOUT10receiveZLPEv
                0x0800596c       0x58 bin\gcc\~#\~#\embsyslib\lib\src\lib.o
                0x0800596c                cHwUSB_0::EndpointOUT::receiveZLP()
 .text._ZN8cHwUSB_011EndpointOUT12getInterruptEv
                0x080059c4       0x28 bin\gcc\~#\~#\embsyslib\lib\src\lib.o
                0x080059c4                cHwUSB_0::EndpointOUT::getInterrupt()
 .text._ZN8cHwUSB_011EndpointOUT12clrInterruptEm
                0x080059ec       0x20 bin\gcc\~#\~#\embsyslib\lib\src\lib.o
                0x080059ec                cHwUSB_0::EndpointOUT::clrInterrupt(unsigned long)
 .text._ZN8cHwUSB_0C2ER10cHwUSBdesc
                0x08005a0c       0xf4 bin\gcc\~#\~#\embsyslib\lib\src\lib.o
                0x08005a0c                cHwUSB_0::cHwUSB_0(cHwUSBdesc&)
                0x08005a0c                cHwUSB_0::cHwUSB_0(cHwUSBdesc&)
 .text._ZN8cHwUSB_05startEv
                0x08005b00      0x2b8 bin\gcc\~#\~#\embsyslib\lib\src\lib.o
                0x08005b00                cHwUSB_0::start()
 .text._ZN8cHwUSB_03isrEv
                0x08005db8      0x614 bin\gcc\~#\~#\embsyslib\lib\src\lib.o
                0x08005db8                cHwUSB_0::isr()
 .text._ZN8cHwUSB_05resetEv
                0x080063cc       0xfc bin\gcc\~#\~#\embsyslib\lib\src\lib.o
                0x080063cc                cHwUSB_0::reset()
 .text._ZN8cHwUSB_09configureEh
                0x080064c8       0x18 bin\gcc\~#\~#\embsyslib\lib\src\lib.o
                0x080064c8                cHwUSB_0::configure(unsigned char)
 .text._ZN8cHwUSB_010setAddressEh
                0x080064e0       0x58 bin\gcc\~#\~#\embsyslib\lib\src\lib.o
                0x080064e0                cHwUSB_0::setAddress(unsigned char)
 .text._ZN8cHwUSB_08configEPEhth
                0x08006538       0xa4 bin\gcc\~#\~#\embsyslib\lib\src\lib.o
                0x08006538                cHwUSB_0::configEP(unsigned char, unsigned short, unsigned char)
 .text._ZN8cHwUSB_010setStallEPEh
                0x080065dc       0x64 bin\gcc\~#\~#\embsyslib\lib\src\lib.o
                0x080065dc                cHwUSB_0::setStallEP(unsigned char)
 .text._ZN8cHwUSB_010clrStallEPEh
                0x08006640       0x64 bin\gcc\~#\~#\embsyslib\lib\src\lib.o
                0x08006640                cHwUSB_0::clrStallEP(unsigned char)
 .text._ZN8cHwUSB_06readEPEhPht
                0x080066a4       0x54 bin\gcc\~#\~#\embsyslib\lib\src\lib.o
                0x080066a4                cHwUSB_0::readEP(unsigned char, unsigned char*, unsigned short)
 .text._ZN8cHwUSB_07writeEPEhPht
                0x080066f8       0x54 bin\gcc\~#\~#\embsyslib\lib\src\lib.o
                0x080066f8                cHwUSB_0::writeEP(unsigned char, unsigned char*, unsigned short)
 .text._ZN8cHwUSB_09CoreResetEv
                0x0800674c       0xa8 bin\gcc\~#\~#\embsyslib\lib\src\lib.o
                0x0800674c                cHwUSB_0::CoreReset()
 .text._ZN8cHwUSB_014getInInterruptEv
                0x080067f4       0x34 bin\gcc\~#\~#\embsyslib\lib\src\lib.o
                0x080067f4                cHwUSB_0::getInInterrupt()
 .text._ZN8cHwUSB_015getOutInterruptEv
                0x08006828       0x30 bin\gcc\~#\~#\embsyslib\lib\src\lib.o
                0x08006828                cHwUSB_0::getOutInterrupt()
 .text._ZN8cHwUSB_018isInterruptPendingEm
                0x08006858       0x34 bin\gcc\~#\~#\embsyslib\lib\src\lib.o
                0x08006858                cHwUSB_0::isInterruptPending(unsigned long)
 .text._ZN8cHwUSB_012clrInterruptEm
                0x0800688c       0x24 bin\gcc\~#\~#\embsyslib\lib\src\lib.o
                0x0800688c                cHwUSB_0::clrInterrupt(unsigned long)
 .text.OTG_FS_IRQHandler
                0x080068b0       0x20 bin\gcc\~#\~#\embsyslib\lib\src\lib.o
                0x080068b0                OTG_FS_IRQHandler
 .text._ZN6cHwADCC2EhP8cHwTimer
                0x080068d0       0xa8 bin\gcc\~#\~#\embsyslib\lib\src\lib.o
                0x080068d0                cHwADC::cHwADC(unsigned char, cHwTimer*)
                0x080068d0                cHwADC::cHwADC(unsigned char, cHwTimer*)
 .text._ZN6cHwADC6enableEhh
                0x08006978       0xcc bin\gcc\~#\~#\embsyslib\lib\src\lib.o
                0x08006978                cHwADC::enable(unsigned char, unsigned char)
 .text._ZN6cHwADC3getEh
                0x08006a44       0x48 bin\gcc\~#\~#\embsyslib\lib\src\lib.o
                0x08006a44                cHwADC::get(unsigned char)
 .text._ZN6cHwADC19getNumberOfChannelsEv
                0x08006a8c       0x18 bin\gcc\~#\~#\embsyslib\lib\src\lib.o
                0x08006a8c                cHwADC::getNumberOfChannels()
 .text._ZN6cHwADC6updateEv
                0x08006aa4       0x68 bin\gcc\~#\~#\embsyslib\lib\src\lib.o
                0x08006aa4                cHwADC::update()
 .text._ZN6cHwADC3isrEv
                0x08006b0c       0xa8 bin\gcc\~#\~#\embsyslib\lib\src\lib.o
                0x08006b0c                cHwADC::isr()
 .text._ZN12cHwI2CmasterC2Eh
                0x08006bb4       0x34 bin\gcc\~#\~#\embsyslib\lib\src\lib.o
                0x08006bb4                cHwI2Cmaster::cHwI2Cmaster(unsigned char)
                0x08006bb4                cHwI2Cmaster::cHwI2Cmaster(unsigned char)
 .text._ZN12cHwI2Cmaster6Device4readEv
                0x08006be8       0x58 bin\gcc\~#\~#\embsyslib\lib\src\lib.o
                0x08006be8                cHwI2Cmaster::Device::read()
 .text._ZN12cHwI2Cmaster6Device4readEh
                0x08006c40       0x5c bin\gcc\~#\~#\embsyslib\lib\src\lib.o
                0x08006c40                cHwI2Cmaster::Device::read(unsigned char)
 .text._ZN12cHwI2Cmaster6Device4readEt
                0x08006c9c       0x6c bin\gcc\~#\~#\embsyslib\lib\src\lib.o
                0x08006c9c                cHwI2Cmaster::Device::read(unsigned short)
 .text._ZN12cHwI2Cmaster6Device4readEPhh
                0x08006d08       0x50 bin\gcc\~#\~#\embsyslib\lib\src\lib.o
                0x08006d08                cHwI2Cmaster::Device::read(unsigned char*, unsigned char)
 .text._ZN12cHwI2Cmaster6Device4readEhPhh
                0x08006d58       0x54 bin\gcc\~#\~#\embsyslib\lib\src\lib.o
                0x08006d58                cHwI2Cmaster::Device::read(unsigned char, unsigned char*, unsigned char)
 .text._ZN12cHwI2Cmaster6Device4readEtPhh
                0x08006dac       0x64 bin\gcc\~#\~#\embsyslib\lib\src\lib.o
                0x08006dac                cHwI2Cmaster::Device::read(unsigned short, unsigned char*, unsigned char)
 .text._ZN12cHwI2Cmaster6Device5writeEh
                0x08006e10       0x50 bin\gcc\~#\~#\embsyslib\lib\src\lib.o
                0x08006e10                cHwI2Cmaster::Device::write(unsigned char)
 .text._ZN12cHwI2Cmaster6Device5writeEhh
                0x08006e60       0x54 bin\gcc\~#\~#\embsyslib\lib\src\lib.o
                0x08006e60                cHwI2Cmaster::Device::write(unsigned char, unsigned char)
 .text._ZN12cHwI2Cmaster6Device5writeEth
                0x08006eb4       0x64 bin\gcc\~#\~#\embsyslib\lib\src\lib.o
                0x08006eb4                cHwI2Cmaster::Device::write(unsigned short, unsigned char)
 .text._ZN12cHwI2Cmaster6Device5writeEPhh
                0x08006f18       0x4c bin\gcc\~#\~#\embsyslib\lib\src\lib.o
                0x08006f18                cHwI2Cmaster::Device::write(unsigned char*, unsigned char)
 .text._ZN12cHwI2Cmaster6Device5writeEhPhh
                0x08006f64       0x50 bin\gcc\~#\~#\embsyslib\lib\src\lib.o
                0x08006f64                cHwI2Cmaster::Device::write(unsigned char, unsigned char*, unsigned char)
 .text._ZN12cHwI2Cmaster6Device5writeEtPhh
                0x08006fb4       0x60 bin\gcc\~#\~#\embsyslib\lib\src\lib.o
                0x08006fb4                cHwI2Cmaster::Device::write(unsigned short, unsigned char*, unsigned char)
 .text._ZN12cHwI2Cmaster6Device7isErrorEv
                0x08007014       0x24 bin\gcc\~#\~#\embsyslib\lib\src\lib.o
                0x08007014                cHwI2Cmaster::Device::isError()
 .text._ZN12cHwI2Cmaster5writeEhPhhS0_h
                0x08007038      0x100 bin\gcc\~#\~#\embsyslib\lib\src\lib.o
                0x08007038                cHwI2Cmaster::write(unsigned char, unsigned char*, unsigned char, unsigned char*, unsigned char)
 .text._ZN12cHwI2Cmaster4readEhPhhS0_h
                0x08007138      0x144 bin\gcc\~#\~#\embsyslib\lib\src\lib.o
                0x08007138                cHwI2Cmaster::read(unsigned char, unsigned char*, unsigned char, unsigned char*, unsigned char)
 .text._ZN17cHwI2Cmaster_EmulC2ERN7cHwPort3PinES2_N12cHwI2Cmaster4MODEE
                0x0800727c       0xe0 bin\gcc\~#\~#\embsyslib\lib\src\lib.o
                0x0800727c                cHwI2Cmaster_Emul::cHwI2Cmaster_Emul(cHwPort::Pin&, cHwPort::Pin&, cHwI2Cmaster::MODE)
                0x0800727c                cHwI2Cmaster_Emul::cHwI2Cmaster_Emul(cHwPort::Pin&, cHwPort::Pin&, cHwI2Cmaster::MODE)
 .text._ZN17cHwI2Cmaster_Emul4waitEv
                0x0800735c       0x1c bin\gcc\~#\~#\embsyslib\lib\src\lib.o
                0x0800735c                cHwI2Cmaster_Emul::wait()
 .text._ZN17cHwI2Cmaster_Emul11waitForAcknEv
                0x08007378       0x64 bin\gcc\~#\~#\embsyslib\lib\src\lib.o
                0x08007378                cHwI2Cmaster_Emul::waitForAckn()
 .text._ZN17cHwI2Cmaster_Emul5startEv
                0x080073dc       0xa8 bin\gcc\~#\~#\embsyslib\lib\src\lib.o
                0x080073dc                cHwI2Cmaster_Emul::start()
 .text._ZN17cHwI2Cmaster_Emul4stopEv
                0x08007484       0xbc bin\gcc\~#\~#\embsyslib\lib\src\lib.o
                0x08007484                cHwI2Cmaster_Emul::stop()
 .text._ZN17cHwI2Cmaster_Emul8sendAddrEh
                0x08007540       0x28 bin\gcc\~#\~#\embsyslib\lib\src\lib.o
                0x08007540                cHwI2Cmaster_Emul::sendAddr(unsigned char)
 .text._ZN17cHwI2Cmaster_Emul9writeByteEh
                0x08007568      0x154 bin\gcc\~#\~#\embsyslib\lib\src\lib.o
                0x08007568                cHwI2Cmaster_Emul::writeByte(unsigned char)
 .text._ZN17cHwI2Cmaster_Emul12readByteNackEv
                0x080076bc      0x160 bin\gcc\~#\~#\embsyslib\lib\src\lib.o
                0x080076bc                cHwI2Cmaster_Emul::readByteNack()
 .text._ZN17cHwI2Cmaster_Emul11readByteAckEv
                0x0800781c      0x144 bin\gcc\~#\~#\embsyslib\lib\src\lib.o
                0x0800781c                cHwI2Cmaster_Emul::readByteAck()
 .text._ZN9cHwMemoryC2Emh
                0x08007960       0x3c bin\gcc\~#\~#\embsyslib\lib\src\lib.o
                0x08007960                cHwMemory::cHwMemory(unsigned long, unsigned char)
                0x08007960                cHwMemory::cHwMemory(unsigned long, unsigned char)
 .text._ZN9cHwMemory5writeEmh
                0x0800799c       0x34 bin\gcc\~#\~#\embsyslib\lib\src\lib.o
                0x0800799c                cHwMemory::write(unsigned long, unsigned char)
 .text._ZN9cHwMemory4readEm
                0x080079d0       0x38 bin\gcc\~#\~#\embsyslib\lib\src\lib.o
                0x080079d0                cHwMemory::read(unsigned long)
 .text._ZN9cHwMemory5clearEm
                0x08007a08       0x48 bin\gcc\~#\~#\embsyslib\lib\src\lib.o
                0x08007a08                cHwMemory::clear(unsigned long)
 .text._ZN9cHwMemory7getSizeEv
                0x08007a50       0x18 bin\gcc\~#\~#\embsyslib\lib\src\lib.o
                0x08007a50                cHwMemory::getSize()
 .text._ZN9cHwMemory7isFlashEv
                0x08007a68       0x18 bin\gcc\~#\~#\embsyslib\lib\src\lib.o
                0x08007a68                cHwMemory::isFlash()
 .text._ZN9cHwExtInt3addEPN5cList4ItemE
                0x08007a80       0x20 bin\gcc\~#\~#\embsyslib\lib\src\lib.o
                0x08007a80                cHwExtInt::add(cList::Item*)
 .text._ZN9cHwExtInt10isrHandlerEv
                0x08007aa0       0x1c bin\gcc\~#\~#\embsyslib\lib\src\lib.o
                0x08007aa0                cHwExtInt::isrHandler()
 .text._ZN7cHwPort3PinC2ERS_h
                0x08007abc       0x44 bin\gcc\~#\~#\embsyslib\lib\src\lib.o
                0x08007abc                cHwPort::Pin::Pin(cHwPort&, unsigned char)
                0x08007abc                cHwPort::Pin::Pin(cHwPort&, unsigned char)
 .text._ZN8cHwTimer12getCycleTimeEv
                0x08007b00       0x18 bin\gcc\~#\~#\embsyslib\lib\src\lib.o
                0x08007b00                cHwTimer::getCycleTime()
 .text._ZN8cHwTimer3addEPN5cList4ItemE
                0x08007b18       0x20 bin\gcc\~#\~#\embsyslib\lib\src\lib.o
                0x08007b18                cHwTimer::add(cList::Item*)
 .text._ZN8cHwTimer10isrHandlerEv
                0x08007b38       0x1c bin\gcc\~#\~#\embsyslib\lib\src\lib.o
                0x08007b38                cHwTimer::isrHandler()
 .text._ZN7cHwUARTC2Ehh
                0x08007b54       0x50 bin\gcc\~#\~#\embsyslib\lib\src\lib.o
                0x08007b54                cHwUART::cHwUART(unsigned char, unsigned char)
                0x08007b54                cHwUART::cHwUART(unsigned char, unsigned char)
 .text._ZN7cHwUART5isrRxEv
                0x08007ba4       0x34 bin\gcc\~#\~#\embsyslib\lib\src\lib.o
                0x08007ba4                cHwUART::isrRx()
 .text._ZN7cHwUART5isrTxEv
                0x08007bd8       0x68 bin\gcc\~#\~#\embsyslib\lib\src\lib.o
                0x08007bd8                cHwUART::isrTx()
 .text._ZN7cHwUART12transmitByteEh
                0x08007c40       0x70 bin\gcc\~#\~#\embsyslib\lib\src\lib.o
                0x08007c40                cHwUART::transmitByte(unsigned char)
 .text._ZN7cHwUART3setEh
                0x08007cb0       0x28 bin\gcc\~#\~#\embsyslib\lib\src\lib.o
                0x08007cb0                cHwUART::set(unsigned char)
 .text._ZN7cHwUART3setEPKhh
                0x08007cd8       0x4c bin\gcc\~#\~#\embsyslib\lib\src\lib.o
                0x08007cd8                cHwUART::set(unsigned char const*, unsigned char)
 .text._ZN7cHwUART3setEPKc
                0x08007d24       0x44 bin\gcc\~#\~#\embsyslib\lib\src\lib.o
                0x08007d24                cHwUART::set(char const*)
 .text._ZN7cHwUART14isTxBufferFullEv
                0x08007d68       0x2c bin\gcc\~#\~#\embsyslib\lib\src\lib.o
                0x08007d68                cHwUART::isTxBufferFull()
 .text._ZN7cHwUART3getEPh
                0x08007d94       0x4c bin\gcc\~#\~#\embsyslib\lib\src\lib.o
                0x08007d94                cHwUART::get(unsigned char*)
 .text._ZN7cHwUART3getEv
                0x08007de0       0x3c bin\gcc\~#\~#\embsyslib\lib\src\lib.o
                0x08007de0                cHwUART::get()
 .text._ZN6cHwUSBC2ER10cHwUSBdesc
                0x08007e1c       0x34 bin\gcc\~#\~#\embsyslib\lib\src\lib.o
                0x08007e1c                cHwUSB::cHwUSB(cHwUSBdesc&)
                0x08007e1c                cHwUSB::cHwUSB(cHwUSBdesc&)
 .text._ZN6cHwUSB12eventHandlerEhh
                0x08007e50       0x9c bin\gcc\~#\~#\embsyslib\lib\src\lib.o
                0x08007e50                cHwUSB::eventHandler(unsigned char, unsigned char)
 .text._ZN10cHwUSBctrlC2ER6cHwUSB
                0x08007eec       0xa4 bin\gcc\~#\~#\embsyslib\lib\src\lib.o
                0x08007eec                cHwUSBctrl::cHwUSBctrl(cHwUSB&)
                0x08007eec                cHwUSBctrl::cHwUSBctrl(cHwUSB&)
 .text._ZN10cHwUSBctrl5setupEv
                0x08007f90       0x80 bin\gcc\~#\~#\embsyslib\lib\src\lib.o
                0x08007f90                cHwUSBctrl::setup()
 .text._ZN10cHwUSBctrl2inEv
                0x08008010       0x48 bin\gcc\~#\~#\embsyslib\lib\src\lib.o
                0x08008010                cHwUSBctrl::in()
 .text._ZN10cHwUSBctrl3outEv
                0x08008058       0x58 bin\gcc\~#\~#\embsyslib\lib\src\lib.o
                0x08008058                cHwUSBctrl::out()
 .text._ZN10cHwUSBctrl9ReqDeviceEv
                0x080080b0       0xbc bin\gcc\~#\~#\embsyslib\lib\src\lib.o
                0x080080b0                cHwUSBctrl::ReqDevice()
 .text._ZN10cHwUSBctrl12ReqInterfaceEv
                0x0800816c       0xb8 bin\gcc\~#\~#\embsyslib\lib\src\lib.o
                0x0800816c                cHwUSBctrl::ReqInterface()
 .text._ZN10cHwUSBctrl11ReqEndpointEv
                0x08008224       0xa4 bin\gcc\~#\~#\embsyslib\lib\src\lib.o
                0x08008224                cHwUSBctrl::ReqEndpoint()
 .text._ZN10cHwUSBctrl22ReqDeviceStd_GetStatusEv
                0x080082c8       0x44 bin\gcc\~#\~#\embsyslib\lib\src\lib.o
                0x080082c8                cHwUSBctrl::ReqDeviceStd_GetStatus()
 .text._ZN10cHwUSBctrl23ReqDeviceStd_SetAddressEv
                0x0800830c       0x34 bin\gcc\~#\~#\embsyslib\lib\src\lib.o
                0x0800830c                cHwUSBctrl::ReqDeviceStd_SetAddress()
 .text._ZN10cHwUSBctrl26ReqDeviceStd_GetDescriptorEv
                0x08008340      0x13c bin\gcc\~#\~#\embsyslib\lib\src\lib.o
                0x08008340                cHwUSBctrl::ReqDeviceStd_GetDescriptor()
 .text._ZN10cHwUSBctrl29ReqDeviceStd_GetConfigurationEv
                0x0800847c       0x44 bin\gcc\~#\~#\embsyslib\lib\src\lib.o
                0x0800847c                cHwUSBctrl::ReqDeviceStd_GetConfiguration()
 .text._ZN10cHwUSBctrl29ReqDeviceStd_SetConfigurationEv
                0x080084c0      0x1c8 bin\gcc\~#\~#\embsyslib\lib\src\lib.o
                0x080084c0                cHwUSBctrl::ReqDeviceStd_SetConfiguration()
 .text._ZN10cHwUSBctrl25ReqInterfaceStd_GetStatusEv
                0x08008688       0x20 bin\gcc\~#\~#\embsyslib\lib\src\lib.o
                0x08008688                cHwUSBctrl::ReqInterfaceStd_GetStatus()
 .text._ZN10cHwUSBctrl29ReqInterfaceStd_GetDescriptorEv
                0x080086a8       0xac bin\gcc\~#\~#\embsyslib\lib\src\lib.o
                0x080086a8                cHwUSBctrl::ReqInterfaceStd_GetDescriptor()
 .text._ZN10cHwUSBctrl28ReqInterfaceStd_GetInterfaceEv
                0x08008754       0x20 bin\gcc\~#\~#\embsyslib\lib\src\lib.o
                0x08008754                cHwUSBctrl::ReqInterfaceStd_GetInterface()
 .text._ZN10cHwUSBctrl28ReqInterfaceStd_SetInterfaceEv
                0x08008774       0x20 bin\gcc\~#\~#\embsyslib\lib\src\lib.o
                0x08008774                cHwUSBctrl::ReqInterfaceStd_SetInterface()
 .text._ZN10cHwUSBctrl17ReqInterfaceClassEv
                0x08008794      0x168 bin\gcc\~#\~#\embsyslib\lib\src\lib.o
                0x08008794                cHwUSBctrl::ReqInterfaceClass()
 .text._ZN10cHwUSBctrl25ReqEndpointStd_ClrFeatureEv
                0x080088fc       0x84 bin\gcc\~#\~#\embsyslib\lib\src\lib.o
                0x080088fc                cHwUSBctrl::ReqEndpointStd_ClrFeature()
 .text._ZN10cHwUSBctrl25ReqEndpointStd_SetFeatureEv
                0x08008980       0x80 bin\gcc\~#\~#\embsyslib\lib\src\lib.o
                0x08008980                cHwUSBctrl::ReqEndpointStd_SetFeature()
 .text._ZN10cHwUSBctrl5StallEv
                0x08008a00       0x1c bin\gcc\~#\~#\embsyslib\lib\src\lib.o
                0x08008a00                cHwUSBctrl::Stall()
 .text._ZN10cHwUSBdesc19getDescriptorDeviceEv
                0x08008a1c       0x58 bin\gcc\~#\~#\embsyslib\lib\src\lib.o
                0x08008a1c                cHwUSBdesc::getDescriptorDevice()
 .text._ZN10cHwUSBdesc19getDescriptorConfigEh
                0x08008a74       0x60 bin\gcc\~#\~#\embsyslib\lib\src\lib.o
                0x08008a74                cHwUSBdesc::getDescriptorConfig(unsigned char)
 .text._ZN10cHwUSBdesc22getDescriptorInterfaceEhh
                0x08008ad4       0x5c bin\gcc\~#\~#\embsyslib\lib\src\lib.o
                0x08008ad4                cHwUSBdesc::getDescriptorInterface(unsigned char, unsigned char)
 .text._ZN10cHwUSBdesc21getDescriptorEndpointEhhh
                0x08008b30       0x58 bin\gcc\~#\~#\embsyslib\lib\src\lib.o
                0x08008b30                cHwUSBdesc::getDescriptorEndpoint(unsigned char, unsigned char, unsigned char)
 .text._ZN10cHwUSBdesc16getDescriptorHIDEhhh
                0x08008b88       0x58 bin\gcc\~#\~#\embsyslib\lib\src\lib.o
                0x08008b88                cHwUSBdesc::getDescriptorHID(unsigned char, unsigned char, unsigned char)
 .text._ZN10cHwUSBdesc22getDescriptorHIDreportEhhh
                0x08008be0       0x68 bin\gcc\~#\~#\embsyslib\lib\src\lib.o
                0x08008be0                cHwUSBdesc::getDescriptorHIDreport(unsigned char, unsigned char, unsigned char)
 .text._ZN10cHwUSBdesc19getDescriptorStringEh
                0x08008c48       0x5c bin\gcc\~#\~#\embsyslib\lib\src\lib.o
                0x08008c48                cHwUSBdesc::getDescriptorString(unsigned char)
 .text._ZN10cHwUSBdesc17getMaxPacketSize0Ev
                0x08008ca4       0x3c bin\gcc\~#\~#\embsyslib\lib\src\lib.o
                0x08008ca4                cHwUSBdesc::getMaxPacketSize0()
 .text._ZN10cHwUSBdesc21getConfigDeviceStatusEh
                0x08008ce0       0x68 bin\gcc\~#\~#\embsyslib\lib\src\lib.o
                0x08008ce0                cHwUSBdesc::getConfigDeviceStatus(unsigned char)
 .text._ZN14cHwUSBendpointC2ER6cHwUSBP12cHwUSBinterfhth
                0x08008d48       0x44 bin\gcc\~#\~#\embsyslib\lib\src\lib.o
                0x08008d48                cHwUSBendpoint::cHwUSBendpoint(cHwUSB&, cHwUSBinterf*, unsigned char, unsigned short, unsigned char)
                0x08008d48                cHwUSBendpoint::cHwUSBendpoint(cHwUSB&, cHwUSBinterf*, unsigned char, unsigned short, unsigned char)
 .text._ZN14cHwUSBendpointC2ER6cHwUSBht
                0x08008d8c       0x48 bin\gcc\~#\~#\embsyslib\lib\src\lib.o
                0x08008d8c                cHwUSBendpoint::cHwUSBendpoint(cHwUSB&, unsigned char, unsigned short)
                0x08008d8c                cHwUSBendpoint::cHwUSBendpoint(cHwUSB&, unsigned char, unsigned short)
 .text._ZN14cHwUSBendpoint2inEv
                0x08008dd4       0x74 bin\gcc\~#\~#\embsyslib\lib\src\lib.o
                0x08008dd4                cHwUSBendpoint::in()
 .text._ZN14cHwUSBendpoint6inCtrlEv
                0x08008e48       0x58 bin\gcc\~#\~#\embsyslib\lib\src\lib.o
                0x08008e48                cHwUSBendpoint::inCtrl()
 .text._ZN14cHwUSBendpoint3outEv
                0x08008ea0       0x78 bin\gcc\~#\~#\embsyslib\lib\src\lib.o
                0x08008ea0                cHwUSBendpoint::out()
 .text._ZN14cHwUSBendpoint7outCtrlEv
                0x08008f18       0x50 bin\gcc\~#\~#\embsyslib\lib\src\lib.o
                0x08008f18                cHwUSBendpoint::outCtrl()
 .text._ZN14cHwUSBendpoint8readDataEv
                0x08008f68       0x68 bin\gcc\~#\~#\embsyslib\lib\src\lib.o
                0x08008f68                cHwUSBendpoint::readData()
 .text._ZN14cHwUSBendpoint9writeDataEv
                0x08008fd0       0x74 bin\gcc\~#\~#\embsyslib\lib\src\lib.o
                0x08008fd0                cHwUSBendpoint::writeData()
 .text._ZN14cHwUSBendpoint9writeDataERK12cDataPointer
                0x08009044       0x28 bin\gcc\~#\~#\embsyslib\lib\src\lib.o
                0x08009044                cHwUSBendpoint::writeData(cDataPointer const&)
 .text._ZN14cHwUSBendpoint12writeDataLenERK12cDataPointert
                0x0800906c       0x60 bin\gcc\~#\~#\embsyslib\lib\src\lib.o
                0x0800906c                cHwUSBendpoint::writeDataLen(cDataPointer const&, unsigned short)
 .text._ZN14cHwUSBendpoint16writeAcknowledgeEv
                0x080090cc       0x34 bin\gcc\~#\~#\embsyslib\lib\src\lib.o
                0x080090cc                cHwUSBendpoint::writeAcknowledge()
 .text._ZN14cHwUSBendpoint16setConfigurationEv
                0x08009100       0x30 bin\gcc\~#\~#\embsyslib\lib\src\lib.o
                0x08009100                cHwUSBendpoint::setConfiguration()
 .text._ZN14cHwUSBendpoint5stallEv
                0x08009130       0x2c bin\gcc\~#\~#\embsyslib\lib\src\lib.o
                0x08009130                cHwUSBendpoint::stall()
 .text._ZN14cHwUSBendpoint8clrStallEv
                0x0800915c       0x2c bin\gcc\~#\~#\embsyslib\lib\src\lib.o
                0x0800915c                cHwUSBendpoint::clrStall()
 .text._ZN14cHwUSBendpoint10clrFeatureEv
                0x08009188       0x2c bin\gcc\~#\~#\embsyslib\lib\src\lib.o
                0x08009188                cHwUSBendpoint::clrFeature()
 .text._ZN12cHwUSBinterfC2ER6cHwUSBhh
                0x080091b4      0x144 bin\gcc\~#\~#\embsyslib\lib\src\lib.o
                0x080091b4                cHwUSBinterf::cHwUSBinterf(cHwUSB&, unsigned char, unsigned char)
                0x080091b4                cHwUSBinterf::cHwUSBinterf(cHwUSB&, unsigned char, unsigned char)
 .text._ZN10cDevAnalogC2Ehff
                0x080092f8       0x34 bin\gcc\~#\~#\embsyslib\lib\src\lib.o
                0x080092f8                cDevAnalog::cDevAnalog(unsigned char, float, float)
                0x080092f8                cDevAnalog::cDevAnalog(unsigned char, float, float)
 .text._ZN12cDevAnalogInC2Ehff
                0x0800932c       0x5c bin\gcc\~#\~#\embsyslib\lib\src\lib.o
                0x0800932c                cDevAnalogIn::cDevAnalogIn(unsigned char, float, float)
                0x0800932c                cDevAnalogIn::cDevAnalogIn(unsigned char, float, float)
 .text._ZN12cDevAnalogIn3getEv
                0x08009388       0x48 bin\gcc\~#\~#\embsyslib\lib\src\lib.o
                0x08009388                cDevAnalogIn::get()
 .text._ZN12cDevAnalogIncvfEv
                0x080093d0       0x24 bin\gcc\~#\~#\embsyslib\lib\src\lib.o
                0x080093d0                cDevAnalogIn::operator float()
 .text._ZN15cDevAnalogInADCC2ER6cHwADChffh
                0x080093f4       0x5c bin\gcc\~#\~#\embsyslib\lib\src\lib.o
                0x080093f4                cDevAnalogInADC::cDevAnalogInADC(cHwADC&, unsigned char, float, float, unsigned char)
                0x080093f4                cDevAnalogInADC::cDevAnalogInADC(cHwADC&, unsigned char, float, float, unsigned char)
 .text._ZN15cDevAnalogInADC6getRawEv
                0x08009450       0x30 bin\gcc\~#\~#\embsyslib\lib\src\lib.o
                0x08009450                cDevAnalogInADC::getRaw()
 .text._ZN15cDevAnalogInADC6enableEv
                0x08009480       0x30 bin\gcc\~#\~#\embsyslib\lib\src\lib.o
                0x08009480                cDevAnalogInADC::enable()
 .text._ZN13cDevAnalogOutC2Ehff
                0x080094b0       0x7c bin\gcc\~#\~#\embsyslib\lib\src\lib.o
                0x080094b0                cDevAnalogOut::cDevAnalogOut(unsigned char, float, float)
                0x080094b0                cDevAnalogOut::cDevAnalogOut(unsigned char, float, float)
 .text._ZN13cDevAnalogOut3setEf
                0x0800952c       0x64 bin\gcc\~#\~#\embsyslib\lib\src\lib.o
                0x0800952c                cDevAnalogOut::set(float)
 .text._ZN13cDevAnalogOutaSEf
                0x08009590       0x2c bin\gcc\~#\~#\embsyslib\lib\src\lib.o
                0x08009590                cDevAnalogOut::operator=(float)
 .text._ZN16cDevAnalogOutPWMC2ER8cHwTimerNS0_4ModeEhff
                0x080095bc       0x5c bin\gcc\~#\~#\embsyslib\lib\src\lib.o
                0x080095bc                cDevAnalogOutPWM::cDevAnalogOutPWM(cHwTimer&, cHwTimer::Mode, unsigned char, float, float)
                0x080095bc                cDevAnalogOutPWM::cDevAnalogOutPWM(cHwTimer&, cHwTimer::Mode, unsigned char, float, float)
 .text._ZN16cDevAnalogOutPWM6setRawEt
                0x08009618       0x2c bin\gcc\~#\~#\embsyslib\lib\src\lib.o
                0x08009618                cDevAnalogOutPWM::setRaw(unsigned short)
 .text._ZN11cDevDigitalC2ER7cHwPorthNS_4ModeEb
                0x08009644       0x6c bin\gcc\~#\~#\embsyslib\lib\src\lib.o
                0x08009644                cDevDigital::cDevDigital(cHwPort&, unsigned char, cDevDigital::Mode, bool)
                0x08009644                cDevDigital::cDevDigital(cHwPort&, unsigned char, cDevDigital::Mode, bool)
 .text._ZN11cDevDigital7setModeENS_4ModeE
                0x080096b0       0x24 bin\gcc\~#\~#\embsyslib\lib\src\lib.o
                0x080096b0                cDevDigital::setMode(cDevDigital::Mode)
 .text._ZN11cDevDigital3setEb
                0x080096d4       0x38 bin\gcc\~#\~#\embsyslib\lib\src\lib.o
                0x080096d4                cDevDigital::set(bool)
 .text._ZN11cDevDigital3getEv
                0x0800970c       0x30 bin\gcc\~#\~#\embsyslib\lib\src\lib.o
                0x0800970c                cDevDigital::get()
 *fill*         0x0800973c        0x4 
 .text._ZN20cDevDigitalIndicatorC2ER11cDevDigitalR8cHwTimer
                0x08009740      0x110 bin\gcc\~#\~#\embsyslib\lib\src\lib.o
                0x08009740                cDevDigitalIndicator::cDevDigitalIndicator(cDevDigital&, cHwTimer&)
                0x08009740                cDevDigitalIndicator::cDevDigitalIndicator(cDevDigital&, cHwTimer&)
 .text._ZN20cDevDigitalIndicator6updateEv
                0x08009850       0xf0 bin\gcc\~#\~#\embsyslib\lib\src\lib.o
                0x08009850                cDevDigitalIndicator::update()
 .text._ZN9cDevMotorC2Ev
                0x08009940       0x20 bin\gcc\~#\~#\embsyslib\lib\src\lib.o
                0x08009940                cDevMotor::cDevMotor()
                0x08009940                cDevMotor::cDevMotor()
 .text._ZN18cDevMotorDirectionC2ER11cDevDigitalS1_R13cDevAnalogOut
                0x08009960       0x40 bin\gcc\~#\~#\embsyslib\lib\src\lib.o
                0x08009960                cDevMotorDirection::cDevMotorDirection(cDevDigital&, cDevDigital&, cDevAnalogOut&)
                0x08009960                cDevMotorDirection::cDevMotorDirection(cDevDigital&, cDevDigital&, cDevAnalogOut&)
 .text._ZN18cDevMotorDirection3runEf
                0x080099a0      0x100 bin\gcc\~#\~#\embsyslib\lib\src\lib.o
                0x080099a0                cDevMotorDirection::run(float)
 .text._ZN18cDevMotorDirection5brakeEv
                0x08009aa0       0x54 bin\gcc\~#\~#\embsyslib\lib\src\lib.o
                0x08009aa0                cDevMotorDirection::brake()
 .text.__cxa_pure_virtual
                0x08009af4        0x8 bin\gcc\~#\~#\embsyslib\lib\src\lib.o
                0x08009af4                __cxa_pure_virtual
 .text._ZN4cCRCC2ENS_4MODEEtt
                0x08009afc       0x94 bin\gcc\~#\~#\embsyslib\lib\src\lib.o
                0x08009afc                cCRC::cCRC(cCRC::MODE, unsigned short, unsigned short)
                0x08009afc                cCRC::cCRC(cCRC::MODE, unsigned short, unsigned short)
 .text._ZN4cCRCD2Ev
                0x08009b90       0x28 bin\gcc\~#\~#\embsyslib\lib\src\lib.o
                0x08009b90                cCRC::~cCRC()
                0x08009b90                cCRC::~cCRC()
 .text._ZN4cCRCclEPKhm
                0x08009bb8       0x9c bin\gcc\~#\~#\embsyslib\lib\src\lib.o
                0x08009bb8                cCRC::operator()(unsigned char const*, unsigned long)
 .text._ZN4cCRCclEh
                0x08009c54       0x74 bin\gcc\~#\~#\embsyslib\lib\src\lib.o
                0x08009c54                cCRC::operator()(unsigned char)
 .text._ZN4cCRC9tabMethodEh
                0x08009cc8       0x74 bin\gcc\~#\~#\embsyslib\lib\src\lib.o
                0x08009cc8                cCRC::tabMethod(unsigned char)
 .text._ZN5cList4ItemC2EPS_
                0x08009d3c       0x38 bin\gcc\~#\~#\embsyslib\lib\src\lib.o
                0x08009d3c                cList::Item::Item(cList*)
                0x08009d3c                cList::Item::Item(cList*)
 .text._ZN5cList4Item7getNextEv
                0x08009d74       0x18 bin\gcc\~#\~#\embsyslib\lib\src\lib.o
                0x08009d74                cList::Item::getNext()
 .text._ZN5cListC2Ev
                0x08009d8c       0x20 bin\gcc\~#\~#\embsyslib\lib\src\lib.o
                0x08009d8c                cList::cList()
                0x08009d8c                cList::cList()
 .text._ZN5cList3addEPNS_4ItemE
                0x08009dac       0x68 bin\gcc\~#\~#\embsyslib\lib\src\lib.o
                0x08009dac                cList::add(cList::Item*)
 .text._ZN5cList8getFirstEv
                0x08009e14       0x18 bin\gcc\~#\~#\embsyslib\lib\src\lib.o
                0x08009e14                cList::getFirst()
 .text._ZN5cListixEt
                0x08009e2c       0x54 bin\gcc\~#\~#\embsyslib\lib\src\lib.o
                0x08009e2c                cList::operator[](unsigned short)
 .text._ZN5cList9updateAllEv
                0x08009e80       0x38 bin\gcc\~#\~#\embsyslib\lib\src\lib.o
                0x08009e80                cList::updateAll()
 .text._ZN6cTimerC2Ev
                0x08009eb8       0x30 bin\gcc\~#\~#\embsyslib\lib\src\lib.o
                0x08009eb8                cTimer::cTimer()
                0x08009eb8                cTimer::cTimer()
 .text._ZN6cTimer5startEtt
                0x08009ee8       0x2c bin\gcc\~#\~#\embsyslib\lib\src\lib.o
                0x08009ee8                cTimer::start(unsigned short, unsigned short)
 .text._ZN6cTimer5startEv
                0x08009f14       0x28 bin\gcc\~#\~#\embsyslib\lib\src\lib.o
                0x08009f14                cTimer::start()
 .text._ZN6cTimer7timeoutEv
                0x08009f3c       0x6c bin\gcc\~#\~#\embsyslib\lib\src\lib.o
                0x08009f3c                cTimer::timeout()
 .text._ZN6cTimer3setEtt
                0x08009fa8       0x40 bin\gcc\~#\~#\embsyslib\lib\src\lib.o
                0x08009fa8                cTimer::set(unsigned short, unsigned short)
 .text._ZN12cTaskHandlerC2EP8cHwTimer
                0x08009fe8       0x88 bin\gcc\~#\~#\embsyslib\lib\src\lib.o
                0x08009fe8                cTaskHandler::cTaskHandler(cHwTimer*)
                0x08009fe8                cTaskHandler::cTaskHandler(cHwTimer*)
 .text._ZN12cTaskHandler12getCycleTimeEv
                0x0800a070       0x18 bin\gcc\~#\~#\embsyslib\lib\src\lib.o
                0x0800a070                cTaskHandler::getCycleTime()
 .text._ZN12cTaskHandler7getTicsEv
                0x0800a088       0x18 bin\gcc\~#\~#\embsyslib\lib\src\lib.o
                0x0800a088                cTaskHandler::getTics()
 .text._ZN12cTaskHandler3runEv
                0x0800a0a0       0x48 bin\gcc\~#\~#\embsyslib\lib\src\lib.o
                0x0800a0a0                cTaskHandler::run()
 .text._ZN12cTaskHandler7addTaskEPNS_4TaskE
                0x0800a0e8       0x40 bin\gcc\~#\~#\embsyslib\lib\src\lib.o
                0x0800a0e8                cTaskHandler::addTask(cTaskHandler::Task*)
 .text._ZN12cTaskHandler6updateEv
                0x0800a128       0x20 bin\gcc\~#\~#\embsyslib\lib\src\lib.o
                0x0800a128                cTaskHandler::update()
 .text._ZN12cTaskHandler4TaskC2ERS_
                0x0800a148       0x3c bin\gcc\~#\~#\embsyslib\lib\src\lib.o
                0x0800a148                cTaskHandler::Task::Task(cTaskHandler&)
                0x0800a148                cTaskHandler::Task::Task(cTaskHandler&)
 .text._ZN12cTaskHandler5TimerC2ERS_tt
                0x0800a184       0x44 bin\gcc\~#\~#\embsyslib\lib\src\lib.o
                0x0800a184                cTaskHandler::Timer::Timer(cTaskHandler&, unsigned short, unsigned short)
                0x0800a184                cTaskHandler::Timer::Timer(cTaskHandler&, unsigned short, unsigned short)
 .text._ZN12cTaskHandler5Timer7getTicsEv
                0x0800a1c8       0x28 bin\gcc\~#\~#\embsyslib\lib\src\lib.o
                0x0800a1c8                cTaskHandler::Timer::getTics()
 .text._ZN12cTaskHandler5Timer12getTimeOfTicEv
                0x0800a1f0       0x28 bin\gcc\~#\~#\embsyslib\lib\src\lib.o
                0x0800a1f0                cTaskHandler::Timer::getTimeOfTic()
 .text._Z5RANGEIiET_S0_S0_S0_
                0x0800a218       0x34 bin\gcc\~#\~#\embsyslib\lib\src\lib.o
                0x0800a218                int RANGE<int>(int, int, int)
 .text._Z3MINItET_S0_S0_
                0x0800a24c       0x28 bin\gcc\~#\~#\embsyslib\lib\src\lib.o
                0x0800a24c                unsigned short MIN<unsigned short>(unsigned short, unsigned short)
 .text._Z3MINIhET_S0_S0_
                0x0800a274       0x28 bin\gcc\~#\~#\embsyslib\lib\src\lib.o
                0x0800a274                unsigned char MIN<unsigned char>(unsigned char, unsigned char)
 .text._ZN5cFifoIhEC2Eh
                0x0800a29c       0x50 bin\gcc\~#\~#\embsyslib\lib\src\lib.o
                0x0800a29c                cFifo<unsigned char>::cFifo(unsigned char)
                0x0800a29c                cFifo<unsigned char>::cFifo(unsigned char)
 .text._ZN5cFifoIhElsERKh
                0x0800a2ec       0x7c bin\gcc\~#\~#\embsyslib\lib\src\lib.o
                0x0800a2ec                cFifo<unsigned char>::operator<<(unsigned char const&)
 .text._ZN5cFifoIhE7isEmptyEv
                0x0800a368       0x2c bin\gcc\~#\~#\embsyslib\lib\src\lib.o
                0x0800a368                cFifo<unsigned char>::isEmpty()
 .text._ZN5cFifoIhErsERh
                0x0800a394       0x78 bin\gcc\~#\~#\embsyslib\lib\src\lib.o
                0x0800a394                cFifo<unsigned char>::operator>>(unsigned char&)
 .text._ZN5cFifoIhE6isFullEv
                0x0800a40c       0x30 bin\gcc\~#\~#\embsyslib\lib\src\lib.o
                0x0800a40c                cFifo<unsigned char>::isFull()
 .text._ZN12cDataPointercvPT_IvEEv
                0x0800a43c       0x1c bin\gcc\~#\~#\embsyslib\lib\src\lib.o
                0x0800a43c                _ZN12cDataPointercvPT_IvEEv
 .text._ZN12cDataPointercvPT_IN10cHwUSBdesc9cEndpointEEEv
                0x0800a458       0x1c bin\gcc\~#\~#\embsyslib\lib\src\lib.o
                0x0800a458                _ZN12cDataPointercvPT_IN10cHwUSBdesc9cEndpointEEEv
 .text._ZN12cDataPointercvPT_IN10cHwUSBdesc7cDeviceEEEv
                0x0800a474       0x1c bin\gcc\~#\~#\embsyslib\lib\src\lib.o
                0x0800a474                _ZN12cDataPointercvPT_IN10cHwUSBdesc7cDeviceEEEv
 .text._ZN12cDataPointercvPT_IN10cHwUSBdesc14cConfigurationEEEv
                0x0800a490       0x1c bin\gcc\~#\~#\embsyslib\lib\src\lib.o
                0x0800a490                _ZN12cDataPointercvPT_IN10cHwUSBdesc14cConfigurationEEEv
 .text._ZN12cDataPointer3setIS_EEvRKT_
                0x0800a4ac       0x24 bin\gcc\~#\~#\embsyslib\lib\src\lib.o
                0x0800a4ac                void cDataPointer::set<cDataPointer>(cDataPointer const&)
 .text._Z5RANGEIfET_S0_S0_S0_
                0x0800a4d0       0x54 bin\gcc\~#\~#\embsyslib\lib\src\lib.o
                0x0800a4d0                float RANGE<float>(float, float, float)
 .text._ZN3ORBC2Ev
                0x0800a524       0x20 bin\gcc\src\apptask.o
                0x0800a524                ORB::ORB()
                0x0800a524                ORB::ORB()
 .text._ZN9cORBlocal11configMotorEhthhh
                0x0800a544       0x30 bin\gcc\src\apptask.o
                0x0800a544                cORBlocal::configMotor(unsigned char, unsigned short, unsigned char, unsigned char, unsigned char)
 .text._ZN9cORBlocal8setMotorEhhsi
                0x0800a574       0x2c bin\gcc\src\apptask.o
                0x0800a574                cORBlocal::setMotor(unsigned char, unsigned char, short, int)
 .text._ZN9cORBlocal8getMotorEh
                0x0800a5a0       0x28 bin\gcc\src\apptask.o
                0x0800a5a0                cORBlocal::getMotor(unsigned char)
 .text._ZN9cORBlocal13setModelServoEhhh
                0x0800a5c8       0x28 bin\gcc\src\apptask.o
                0x0800a5c8                cORBlocal::setModelServo(unsigned char, unsigned char, unsigned char)
 .text._ZN9cORBlocal12configSensorEhhhh
                0x0800a5f0       0x2c bin\gcc\src\apptask.o
                0x0800a5f0                cORBlocal::configSensor(unsigned char, unsigned char, unsigned char, unsigned char)
 .text._ZN9cORBlocal9getSensorEh
                0x0800a61c       0x28 bin\gcc\src\apptask.o
                0x0800a61c                cORBlocal::getSensor(unsigned char)
 .text._ZN9cORBlocal17getSensorValueExtEhh
                0x0800a644       0x2c bin\gcc\src\apptask.o
                0x0800a644                cORBlocal::getSensorValueExt(unsigned char, unsigned char)
 .text._ZN9cORBlocal16getSensorDigitalEh
                0x0800a670       0x28 bin\gcc\src\apptask.o
                0x0800a670                cORBlocal::getSensorDigital(unsigned char)
 .text._ZN9cORBlocal14setMonitorTextEhPKcSt9__va_list
                0x0800a698       0x2c bin\gcc\src\apptask.o
                0x0800a698                cORBlocal::setMonitorText(unsigned char, char const*, std::__va_list)
 .text._ZN9cORBlocal13getMonitorKeyEv
                0x0800a6c4       0x24 bin\gcc\src\apptask.o
                0x0800a6c4                cORBlocal::getMonitorKey()
 .text._ZN9cORBlocal7getTimeEv
                0x0800a6e8       0x20 bin\gcc\src\apptask.o
                0x0800a6e8                cORBlocal::getTime()
 .text._ZN9cORBlocal4waitEm
                0x0800a708       0x20 bin\gcc\src\apptask.o
                0x0800a708                cORBlocal::wait(unsigned long)
 .text._ZN9cORBlocal11clearMemoryEv
                0x0800a728       0x1c bin\gcc\src\apptask.o
                0x0800a728                cORBlocal::clearMemory()
 .text._ZN9cORBlocal9setMemoryEmPhm
                0x0800a744       0x28 bin\gcc\src\apptask.o
                0x0800a744                cORBlocal::setMemory(unsigned long, unsigned char*, unsigned long)
 .text._ZN9cORBlocal9getMemoryEmPhm
                0x0800a76c       0x28 bin\gcc\src\apptask.o
                0x0800a76c                cORBlocal::getMemory(unsigned long, unsigned char*, unsigned long)
 .text._ZN9cORBlocal6getVccEv
                0x0800a794       0x20 bin\gcc\src\apptask.o
                0x0800a794                cORBlocal::getVcc()
 .text._ZN9cORBlocalC2Ev
                0x0800a7b4       0x28 bin\gcc\src\apptask.o
                0x0800a7b4                cORBlocal::cORBlocal()
                0x0800a7b4                cORBlocal::cORBlocal()
 .text._ZN7AppTaskC2ER5cRTOS
                0x0800a7dc       0x3c bin\gcc\src\apptask.o
                0x0800a7dc                AppTask::AppTask(cRTOS&)
                0x0800a7dc                AppTask::AppTask(cRTOS&)
 .text._ZN7AppTaskD2Ev
                0x0800a818       0x38 bin\gcc\src\apptask.o
                0x0800a818                AppTask::~AppTask()
                0x0800a818                AppTask::~AppTask()
 .text._ZN7AppTaskD0Ev
                0x0800a850       0x20 bin\gcc\src\apptask.o
                0x0800a850                AppTask::~AppTask()
 .text._ZN7AppTask6updateEv
                0x0800a870      0x198 bin\gcc\src\apptask.o
                0x0800a870                AppTask::update()
 .text._ZN7AppTask6OnStopEv
                0x0800aa08       0x64 bin\gcc\src\apptask.o
                0x0800aa08                AppTask::OnStop()
 .text._ZN7AppTask7OnStartEv
                0x0800aa6c       0x14 bin\gcc\src\apptask.o
                0x0800aa6c                AppTask::OnStart()
 .text._ZN7AppTask5StartEh
                0x0800aa80       0x24 bin\gcc\src\apptask.o
                0x0800aa80                AppTask::Start(unsigned char)
 .text._ZN7AppTask11configMotorEPvhthhh
                0x0800aaa4       0x40 bin\gcc\src\apptask.o
                0x0800aaa4                AppTask::configMotor(void*, unsigned char, unsigned short, unsigned char, unsigned char, unsigned char)
 .text._ZN7AppTask8setMotorEPvhhsi
                0x0800aae4       0x44 bin\gcc\src\apptask.o
                0x0800aae4                AppTask::setMotor(void*, unsigned char, unsigned char, short, int)
 .text._ZN7AppTask8getMotorEPvh
                0x0800ab28       0x3c bin\gcc\src\apptask.o
                0x0800ab28                AppTask::getMotor(void*, unsigned char)
 .text._ZN7AppTask13setModelServoEPvhhh
                0x0800ab64       0x70 bin\gcc\src\apptask.o
                0x0800ab64                AppTask::setModelServo(void*, unsigned char, unsigned char, unsigned char)
 .text._ZN7AppTask12configSensorEPvhhhh
                0x0800abd4       0x58 bin\gcc\src\apptask.o
                0x0800abd4                AppTask::configSensor(void*, unsigned char, unsigned char, unsigned char, unsigned char)
 .text._ZN7AppTask9getSensorEPvh
                0x0800ac2c       0x58 bin\gcc\src\apptask.o
                0x0800ac2c                AppTask::getSensor(void*, unsigned char)
 .text._ZN7AppTask17getSensorValueExtEPvhh